[info ] applied 0 boundary condition group(s): 0 of 2430 DOFs prescribed, 2430 free
[info ] forming 'punch': 320 Hex8 elements, 2430 DOFs, 1 tool(s), 3 step(s); linear algebra SuiteSparse (CHOLMOD, UMFPACK)
[info ] forming step 'form' (form, t = 0 .. 1 s, 1 tool(s), 1250 prescribed DOF(s)): start imbalance 0 N
[info ] forming increment to t = 0.075 failed (solver error: solver error: an element is inverted (det F = -0.996826); the load step is too large or the mesh too coarse for this deformation); halving to 0.0125
[info ] forming increment to t = 0.55 failed (solver error: solver error: an element is inverted (det F = -2.51656); the load step is too large or the mesh too coarse for this deformation); halving to 0.00625
[info ] forming increment to t = 0.95625 failed (solver error: solver error: an element is inverted (det F = -8.29414); the load step is too large or the mesh too coarse for this deformation); halving to 0.003125
[info ] forming step 'form' completed: 123 increment(s), 1142 iteration(s), 3 cut(s), reactions 238.077 N, largest plastic strain 0.171884, largest displacement change 0.0040026 m
[info ] forming step 'unload' (release, t = 1 .. 2 s, 0 tool(s), 1250 prescribed DOF(s)): start imbalance 19.0594 N
[warn ] the supports of release step 'unload' carry reactions of 81.3459 N, 0.341678 of the reference force: they are not statically determinate (over-constrained) and hold the part in a deformed shape - release onto 3-2-1 supports
[info ] forming step 'unload' completed: 20 increment(s), 61 iteration(s), 0 cut(s), reactions 81.3459 N, largest plastic strain 0.171884, largest displacement change 0.000133308 m
[info ] forming step 'release' (release, t = 2 .. 3 s, 0 tool(s), 816 prescribed DOF(s)): start imbalance 14.6814 N
[warn ] the supports of release step 'release' carry reactions of 78.5206 N, 0.329811 of the reference force: they are not statically determinate (over-constrained) and hold the part in a deformed shape - release onto 3-2-1 supports
[info ] forming step 'release' completed: 20 increment(s), 60 iteration(s), 0 cut(s), reactions 78.5206 N, largest plastic strain 0.171884, largest displacement change 3.51771e-05 m
case: punch
  mesh:    320 elements, 2430 DOFs
  step 1 'form' (form): completed, 123 increment(s), 1142 iteration(s), 3 cut(s), largest plastic strain 0.171884, largest displacement change 0.0040026 m
  step 2 'unload' (release): completed, 20 increment(s), 61 iteration(s), 0 cut(s), largest plastic strain 0.171884, largest displacement change 0.000133308 m
      warning: the supports of release step 'unload' carry reactions of 81.3459 N, 0.341678 of the reference force: they are not statically determinate (over-constrained) and hold the part in a deformed shape - release onto 3-2-1 supports
  step 3 'release' (release): completed, 20 increment(s), 60 iteration(s), 0 cut(s), largest plastic strain 0.171884, largest displacement change 3.51771e-05 m
      warning: the supports of release step 'release' carry reactions of 78.5206 N, 0.329811 of the reference force: they are not statically determinate (over-constrained) and hold the part in a deformed shape - release onto 3-2-1 supports
  runtime: 33.81 s (163 increments, 1263 Newton iterations; CHOLMOD supernodal LLT x 542, SimplicialLDLT x 20, UMFPACK LU x 841)
  failed factorisations: CHOLMOD supernodal LLT (not positive definite) x 20
  output:  out
