[info ] applied 0 boundary condition group(s): 0 of 15129 DOFs prescribed, 15129 free
[info ] forming 'punch': 3200 Hex8 elements, 15129 DOFs, 1 tool(s), 3 step(s); linear algebra SuiteSparse (CHOLMOD, UMFPACK)
[info ] forming step 'form' (form, t = 0 .. 2 s, 1 tool(s), 7560 prescribed DOF(s)): start imbalance 0 N
[info ] forming increment to t = 0.2 failed (solver error: solver error: Hex8 element 617: the incompatible modes did not converge in 25 local iterations (residual 7.20341 N of 32726.1 N); the step is cut); halving to 0.0166667
[info ] forming step 'form': t = 0.5 s of 2 (25 increment(s), 179 iteration(s), 1 cut(s), 61.8791 s elapsed)
[info ] forming step 'form': t = 0.7 s of 2 (37 increment(s), 309 iteration(s), 1 cut(s), 125.909 s elapsed)
[info ] forming step 'form': t = 1 s of 2 (55 increment(s), 462 iteration(s), 1 cut(s), 186.592 s elapsed)
[info ] forming step 'form': t = 1.58333 s of 2 (90 increment(s), 670 iteration(s), 1 cut(s), 248.266 s elapsed)
[info ] forming step 'form' completed: 115 increment(s), 816 iteration(s), 1 cut(s), reactions 665.191 N, largest plastic strain 0.350494, largest displacement change 0.00313054 m
[info ] forming step 'unload' (release, t = 2 .. 3 s, 0 tool(s), 7560 prescribed DOF(s)): start imbalance 352.769 N
[warn ] the supports of release step 'unload' carry reactions of 252.091 N, 0.303674 of the reference force: they are not statically determinate (over-constrained) and hold the part in a deformed shape - release onto 3-2-1 supports
[info ] forming step 'unload' completed: 20 increment(s), 72 iteration(s), 0 cut(s), reactions 252.091 N, largest plastic strain 0.350494, largest displacement change 0.00013093 m
[info ] forming step 'release' (release, t = 3 .. 4 s, 0 tool(s), 6 prescribed DOF(s)): start imbalance 252.091 N
[info ] forming step 'release' completed: 20 increment(s), 80 iteration(s), 0 cut(s), reactions 1.19159e-13 N, largest plastic strain 0.350494, largest displacement change 0.000127127 m
case: punch
  mesh:    3200 elements, 15129 DOFs
  step 1 'form' (form): completed, 115 increment(s), 816 iteration(s), 1 cut(s), largest plastic strain 0.350494, largest displacement change 0.00313054 m
  step 2 'unload' (release): completed, 20 increment(s), 72 iteration(s), 0 cut(s), largest plastic strain 0.350494, largest displacement change 0.00013093 m
      warning: the supports of release step 'unload' carry reactions of 252.091 N, 0.303674 of the reference force: they are not statically determinate (over-constrained) and hold the part in a deformed shape - release onto 3-2-1 supports
  step 3 'release' (release): completed, 20 increment(s), 80 iteration(s), 0 cut(s), largest plastic strain 0.350494, largest displacement change 0.000127127 m
  runtime: 331.8 s (155 increments, 968 Newton iterations; CHOLMOD supernodal LLT x 190, UMFPACK LU x 823)
  output:  out
