[info ] applied 0 boundary condition group(s): 0 of 3969 DOFs prescribed, 3969 free
[info ] forming 'spif': 800 Hex8 elements, 3969 DOFs, 1 tool(s), 3 step(s); linear algebra SuiteSparse (CHOLMOD, UMFPACK)
[info ] forming step 'form' (form, t = 0 .. 0.945104 s, 1 tool(s), 1944 prescribed DOF(s)): start imbalance 0 N
[info ] forming increment to t = 0.0913117 failed (solver error: solver error: an element is inverted (det F = -47.5109); the load step is too large or the mesh too coarse for this deformation); halving to 0.00503475
[info ] forming increment to t = 0.493863 failed (solver error: solver error: an element is inverted (det F = -0.276163); the load step is too large or the mesh too coarse for this deformation); halving to 0.00439699
[info ] forming increment to t = 0.523845 failed (solver error: solver error: an element is inverted (det F = -0.108975); the load step is too large or the mesh too coarse for this deformation); halving to 0.0021985
[info ] forming increment to t = 0.537755 failed (solver error: solver error: an element is inverted (det F = -1.25256); the load step is too large or the mesh too coarse for this deformation); halving to 0.00109925
[info ] forming step 'form': t = 0.54422 s of 0.945104 (82 increment(s), 663 iteration(s), 4 cut(s), 60.2449 s elapsed)
[info ] forming step 'form' completed: 170 increment(s), 1281 iteration(s), 4 cut(s), reactions 1330.76 N, largest plastic strain 0.384945, largest displacement change 0.00326242 m
[info ] forming step 'unload' (release, t = 0.945104 .. 1.9451 s, 0 tool(s), 1944 prescribed DOF(s)): start imbalance 619.695 N
[warn ] the supports of release step 'unload' carry reactions of 879.486 N, 0.530005 of the reference force: they are not statically determinate (over-constrained) and hold the part in a deformed shape - release onto 3-2-1 supports
[info ] forming step 'unload' completed: 10 increment(s), 34 iteration(s), 0 cut(s), reactions 879.486 N, largest plastic strain 0.384945, largest displacement change 8.87231e-05 m
[info ] forming step 'release' (release, t = 1.9451 .. 2.9451 s, 0 tool(s), 6 prescribed DOF(s)): start imbalance 879.486 N
[info ] forming step 'release' completed: 10 increment(s), 40 iteration(s), 0 cut(s), reactions 6.16823e-13 N, largest plastic strain 0.384945, largest displacement change 0.000133374 m
case: spif
  mesh:    800 elements, 3969 DOFs
  step 1 'form' (form): completed, 170 increment(s), 1281 iteration(s), 4 cut(s), largest plastic strain 0.384945, largest displacement change 0.00326242 m
  step 2 'unload' (release): completed, 10 increment(s), 34 iteration(s), 0 cut(s), largest plastic strain 0.384945, largest displacement change 8.87231e-05 m
      warning: the supports of release step 'unload' carry reactions of 879.486 N, 0.530005 of the reference force: they are not statically determinate (over-constrained) and hold the part in a deformed shape - release onto 3-2-1 supports
  step 3 'release' (release): completed, 10 increment(s), 40 iteration(s), 0 cut(s), largest plastic strain 0.384945, largest displacement change 0.000133374 m
  runtime: 113.7 s (190 increments, 1355 Newton iterations; CHOLMOD supernodal LLT x 348, SimplicialLDLT x 21, UMFPACK LU x 1276)
  failed factorisations: CHOLMOD supernodal LLT (not positive definite) x 21
  output:  /home/user/wt/audit/benchmarks/physics_audit/material/runs/elliptic_cone-s2026-0001/base/output
