[info ] applied 0 boundary condition group(s): 0 of 3969 DOFs prescribed, 3969 free
[info ] forming 'spif': 800 Hex8 elements, 3969 DOFs, 1 tool(s), 3 step(s); linear algebra SuiteSparse (CHOLMOD, UMFPACK)
[info ] forming step 'form' (form, t = 0 .. 0.945104 s, 1 tool(s), 1944 prescribed DOF(s)): start imbalance 0 N
[info ] forming increment to t = 0.0913117 failed (solver error: solver error: an element is inverted (det F = -531.919); the load step is too large or the mesh too coarse for this deformation); halving to 0.00503475
[info ] forming increment to t = 0.557348 failed (solver error: solver error: an element is inverted (det F = -80.0944); the load step is too large or the mesh too coarse for this deformation); halving to 0.00501439
[info ] forming step 'form': t = 0.606921 s of 0.945104 (86 increment(s), 707 iteration(s), 2 cut(s), 60.2298 s elapsed)
[info ] forming increment to t = 0.646188 failed (solver error: solver error: an element is inverted (det F = -0.425678); the load step is too large or the mesh too coarse for this deformation); halving to 0.0025072
[info ] forming step 'form' completed: 163 increment(s), 1222 iteration(s), 3 cut(s), reactions 1445.04 N, largest plastic strain 0.389107, largest displacement change 0.00326236 m
[info ] forming step 'unload' (release, t = 0.945104 .. 1.9451 s, 0 tool(s), 1944 prescribed DOF(s)): start imbalance 589.888 N
[warn ] the supports of release step 'unload' carry reactions of 957.824 N, 0.539883 of the reference force: they are not statically determinate (over-constrained) and hold the part in a deformed shape - release onto 3-2-1 supports
[info ] forming step 'unload' completed: 10 increment(s), 33 iteration(s), 0 cut(s), reactions 957.824 N, largest plastic strain 0.389107, largest displacement change 9.11913e-05 m
[info ] forming step 'release' (release, t = 1.9451 .. 2.9451 s, 0 tool(s), 6 prescribed DOF(s)): start imbalance 957.824 N
[info ] forming step 'release' completed: 10 increment(s), 40 iteration(s), 0 cut(s), reactions 4.16691e-13 N, largest plastic strain 0.389107, largest displacement change 0.000150197 m
case: spif
  mesh:    800 elements, 3969 DOFs
  step 1 'form' (form): completed, 163 increment(s), 1222 iteration(s), 3 cut(s), largest plastic strain 0.389107, largest displacement change 0.00326236 m
  step 2 'unload' (release): completed, 10 increment(s), 33 iteration(s), 0 cut(s), largest plastic strain 0.389107, largest displacement change 9.11913e-05 m
      warning: the supports of release step 'unload' carry reactions of 957.824 N, 0.539883 of the reference force: they are not statically determinate (over-constrained) and hold the part in a deformed shape - release onto 3-2-1 supports
  step 3 'release' (release): completed, 10 increment(s), 40 iteration(s), 0 cut(s), largest plastic strain 0.389107, largest displacement change 0.000150197 m
  runtime: 103.7 s (183 increments, 1295 Newton iterations; CHOLMOD supernodal LLT x 334, SimplicialLDLT x 25, UMFPACK LU x 1189)
  failed factorisations: CHOLMOD supernodal LLT (not positive definite) x 25
  output:  /home/user/wt/audit/benchmarks/physics_audit/material/runs/elliptic_cone-s2026-0001/hard_voce_coer/output
