[info ] applied 0 boundary condition group(s): 0 of 14406 DOFs prescribed, 14406 free
[info ] forming 'spif': 2304 Hex8 elements, 14406 DOFs, 1 tool(s), 3 step(s); linear algebra SuiteSparse (CHOLMOD, UMFPACK)
[info ] forming step 'form' (form, t = 0 .. 0.964602 s, 1 tool(s), 7056 prescribed DOF(s)): start imbalance 0 N
[info ] forming step 'form': t = 0.120107 s of 0.964602 (16 increment(s), 117 iteration(s), 0 cut(s), 60.7863 s elapsed)
[info ] forming step 'form': t = 0.194973 s of 0.964602 (26 increment(s), 212 iteration(s), 0 cut(s), 123.634 s elapsed)
[info ] forming increment to t = 0.247374 failed (solver error: solver error: Hex8 element 1289: the incompatible modes did not converge in 25 local iterations (residual 44.889 N of 198.554 N); the step is cut); halving to 0.00374309
[info ] forming step 'form': t = 0.254859 s of 0.964602 (36 increment(s), 304 iteration(s), 1 cut(s), 190.339 s elapsed)
[info ] forming step 'form': t = 0.293277 s of 0.964602 (51 increment(s), 415 iteration(s), 1 cut(s), 252.413 s elapsed)
[info ] forming step 'form': t = 0.334084 s of 0.964602 (63 increment(s), 516 iteration(s), 1 cut(s), 314.698 s elapsed)
[info ] forming step 'form': t = 0.376967 s of 0.964602 (75 increment(s), 622 iteration(s), 1 cut(s), 380.47 s elapsed)
[info ] forming step 'form': t = 0.418277 s of 0.964602 (87 increment(s), 728 iteration(s), 1 cut(s), 443.065 s elapsed)
[info ] forming step 'form': t = 0.458132 s of 0.964602 (99 increment(s), 835 iteration(s), 1 cut(s), 504.44 s elapsed)
[info ] forming step 'form': t = 0.498994 s of 0.964602 (112 increment(s), 943 iteration(s), 1 cut(s), 565.956 s elapsed)
[info ] forming step 'form': t = 0.539788 s of 0.964602 (125 increment(s), 1052 iteration(s), 1 cut(s), 627.419 s elapsed)
[info ] forming step 'form': t = 0.584072 s of 0.964602 (140 increment(s), 1168 iteration(s), 1 cut(s), 688.129 s elapsed)
[info ] forming step 'form': t = 0.628275 s of 0.964602 (155 increment(s), 1286 iteration(s), 1 cut(s), 749.997 s elapsed)
[info ] forming step 'form': t = 0.671608 s of 0.964602 (169 increment(s), 1401 iteration(s), 1 cut(s), 810.962 s elapsed)
[info ] forming step 'form': t = 0.720268 s of 0.964602 (184 increment(s), 1519 iteration(s), 1 cut(s), 872.484 s elapsed)
[info ] forming step 'form': t = 0.772919 s of 0.964602 (198 increment(s), 1629 iteration(s), 1 cut(s), 933.13 s elapsed)
[info ] forming step 'form': t = 0.82624 s of 0.964602 (212 increment(s), 1748 iteration(s), 1 cut(s), 997.552 s elapsed)
[info ] forming step 'form': t = 0.879807 s of 0.964602 (227 increment(s), 1865 iteration(s), 1 cut(s), 1058.21 s elapsed)
[info ] forming step 'form': t = 0.938095 s of 0.964602 (242 increment(s), 1984 iteration(s), 1 cut(s), 1120.33 s elapsed)
[info ] forming step 'form' completed: 249 increment(s), 2030 iteration(s), 1 cut(s), reactions 223.869 N, largest plastic strain 0.412823, largest displacement change 0.00263998 m
[info ] forming step 'unload' (release, t = 0.964602 .. 1.9646 s, 0 tool(s), 7056 prescribed DOF(s)): start imbalance 106.969 N
[warn ] the supports of release step 'unload' carry reactions of 194.125 N, 0.417116 of the reference force: they are not statically determinate (over-constrained) and hold the part in a deformed shape - release onto 3-2-1 supports
[info ] forming step 'unload' completed: 10 increment(s), 35 iteration(s), 0 cut(s), reactions 194.125 N, largest plastic strain 0.412823, largest displacement change 2.35452e-05 m
[info ] forming step 'release' (release, t = 1.9646 .. 2.9646 s, 0 tool(s), 6 prescribed DOF(s)): start imbalance 194.125 N
[info ] forming step 'release' completed: 10 increment(s), 40 iteration(s), 0 cut(s), reactions 1.69315e-13 N, largest plastic strain 0.412823, largest displacement change 0.000175503 m
case: spif
  mesh:    2304 elements, 14406 DOFs
  step 1 'form' (form): completed, 249 increment(s), 2030 iteration(s), 1 cut(s), largest plastic strain 0.412823, largest displacement change 0.00263998 m
  step 2 'unload' (release): completed, 10 increment(s), 35 iteration(s), 0 cut(s), largest plastic strain 0.412823, largest displacement change 2.35452e-05 m
      warning: the supports of release step 'unload' carry reactions of 194.125 N, 0.417116 of the reference force: they are not statically determinate (over-constrained) and hold the part in a deformed shape - release onto 3-2-1 supports
  step 3 'release' (release): completed, 10 increment(s), 40 iteration(s), 0 cut(s), largest plastic strain 0.412823, largest displacement change 0.000175503 m
  runtime: 1172 s (269 increments, 2105 Newton iterations; CHOLMOD supernodal LLT x 119, UMFPACK LU x 2300)
  output:  /home/user/wt/audit/benchmarks/physics_audit/convergence/cases/c1_h0.833_L1_im_tp5_p3/output
