[info ] applied 0 boundary condition group(s): 0 of 3969 DOFs prescribed, 3969 free
[info ] forming 'spif': 800 Hex8 elements, 3969 DOFs, 2 tool(s), 3 step(s); linear algebra SuiteSparse (CHOLMOD, UMFPACK)
[info ] forming step 'form' (form, t = 0 .. 0.951429 s, 2 tool(s), 1944 prescribed DOF(s)): start imbalance 0 N
[info ] forming increment to t = 0.372907 failed (solver error: solver error: an element is inverted (det F = -0.0514582); the load step is too large or the mesh too coarse for this deformation); halving to 0.0021116
[info ] forming step 'form': t = 0.379581 s of 0.951429 (121 increment(s), 789 iteration(s), 1 cut(s), 60.87 s elapsed)
[info ] forming increment to t = 0.435875 failed (solver error: solver error: an element is inverted (det F = -0.0225075); the load step is too large or the mesh too coarse for this deformation); halving to 0.00203025
[info ] forming increment to t = 0.43689 failed (solver error: solver error: an element is inverted (det F = -8.96285); the load step is too large or the mesh too coarse for this deformation); halving to 0.00152269
[info ] forming increment to t = 0.435368 failed (solver error: solver error: an element is inverted (det F = -0.614676); the load step is too large or the mesh too coarse for this deformation); halving to 0.000761345
[info ] forming increment to t = 0.574445 failed (solver error: solver error: an element is inverted (det F = -451.323); the load step is too large or the mesh too coarse for this deformation); halving to 0.00175668
[info ] forming increment to t = 0.587742 failed (solver error: a node lies 0.00158673 m from the sphere's centre (radius 0.004 m) of tool 'tool', less than half the radius: the tool is through the surface); halving to 0.00131751
[info ] forming step 'form': t = 0.604851 s of 0.951429 (223 increment(s), 1506 iteration(s), 6 cut(s), 121.177 s elapsed)
[info ] forming step 'form' completed: 360 increment(s), 2323 iteration(s), 6 cut(s), reactions 1165.59 N, largest plastic strain 0.40303, largest displacement change 0.00309002 m
[info ] forming step 'unload' (release, t = 0.951429 .. 1.95143 s, 0 tool(s), 1944 prescribed DOF(s)): start imbalance 560.613 N
[warn ] the supports of release step 'unload' carry reactions of 787.042 N, 0.528399 of the reference force: they are not statically determinate (over-constrained) and hold the part in a deformed shape - release onto 3-2-1 supports
[info ] forming step 'unload' completed: 10 increment(s), 34 iteration(s), 0 cut(s), reactions 787.042 N, largest plastic strain 0.40303, largest displacement change 7.98085e-05 m
[info ] forming step 'release' (release, t = 1.95143 .. 2.95143 s, 0 tool(s), 6 prescribed DOF(s)): start imbalance 787.042 N
[info ] forming step 'release' completed: 10 increment(s), 40 iteration(s), 0 cut(s), reactions 6.04094e-13 N, largest plastic strain 0.40303, largest displacement change 0.000113075 m
case: spif
  mesh:    800 elements, 3969 DOFs
  step 1 'form' (form): completed, 360 increment(s), 2323 iteration(s), 6 cut(s), largest plastic strain 0.40303, largest displacement change 0.00309002 m
  step 2 'unload' (release): completed, 10 increment(s), 34 iteration(s), 0 cut(s), largest plastic strain 0.40303, largest displacement change 7.98085e-05 m
      warning: the supports of release step 'unload' carry reactions of 787.042 N, 0.528399 of the reference force: they are not statically determinate (over-constrained) and hold the part in a deformed shape - release onto 3-2-1 supports
  step 3 'release' (release): completed, 10 increment(s), 40 iteration(s), 0 cut(s), largest plastic strain 0.40303, largest displacement change 0.000113075 m
  runtime: 185.4 s (380 increments, 2397 Newton iterations; CHOLMOD supernodal LLT x 481, SimplicialLDLT x 16, UMFPACK LU x 2322)
  failed factorisations: CHOLMOD supernodal LLT (not positive definite) x 16
  output:  /home/user/wt/audit/benchmarks/physics_audit/process/runs/truncated_cone-s2026-0000/dsif_ng_gap05/output
