[info ] applied 0 boundary condition group(s): 0 of 738 DOFs prescribed, 738 free
[info ] forming 'punch': 80 Hex8 elements, 738 DOFs, 1 tool(s), 3 step(s); linear algebra SuiteSparse (CHOLMOD, UMFPACK)
[info ] forming step 'form' (form, t = 0 .. 1 s, 1 tool(s), 390 prescribed DOF(s)): start imbalance 0 N
[info ] forming increment to t = 0.7 failed (solver error: solver error: Hex8 element 9: the incompatible modes did not converge in 25 local iterations (residual 3243.65 N of 881948 N); the step is cut); halving to 0.0125
[info ] forming increment to t = 0.8875 failed (solver error: solver error: an element is inverted (det F = -0.536366); the load step is too large or the mesh too coarse for this deformation); halving to 0.00625
[info ] forming step 'form' completed: 63 increment(s), 667 iteration(s), 2 cut(s), reactions 451.093 N, largest plastic strain 0.160618, largest displacement change 0.00399996 m
[info ] forming step 'unload' (release, t = 1 .. 2 s, 0 tool(s), 390 prescribed DOF(s)): start imbalance 42.6354 N
[warn ] the supports of release step 'unload' carry reactions of 151.168 N, 0.335115 of the reference force: they are not statically determinate (over-constrained) and hold the part in a deformed shape - release onto 3-2-1 supports
[info ] forming step 'unload' completed: 20 increment(s), 61 iteration(s), 0 cut(s), reactions 151.168 N, largest plastic strain 0.160618, largest displacement change 0.000132678 m
[info ] forming step 'release' (release, t = 2 .. 3 s, 0 tool(s), 252 prescribed DOF(s)): start imbalance 33.915 N
[warn ] the supports of release step 'release' carry reactions of 144.112 N, 0.319473 of the reference force: they are not statically determinate (over-constrained) and hold the part in a deformed shape - release onto 3-2-1 supports
[info ] forming step 'release' completed: 20 increment(s), 60 iteration(s), 0 cut(s), reactions 144.112 N, largest plastic strain 0.160618, largest displacement change 4.78165e-05 m
case: punch
  mesh:    80 elements, 738 DOFs
  step 1 'form' (form): completed, 63 increment(s), 667 iteration(s), 2 cut(s), largest plastic strain 0.160618, largest displacement change 0.00399996 m
  step 2 'unload' (release): completed, 20 increment(s), 61 iteration(s), 0 cut(s), largest plastic strain 0.160618, largest displacement change 0.000132678 m
      warning: the supports of release step 'unload' carry reactions of 151.168 N, 0.335115 of the reference force: they are not statically determinate (over-constrained) and hold the part in a deformed shape - release onto 3-2-1 supports
  step 3 'release' (release): completed, 20 increment(s), 60 iteration(s), 0 cut(s), largest plastic strain 0.160618, largest displacement change 4.78165e-05 m
      warning: the supports of release step 'release' carry reactions of 144.112 N, 0.319473 of the reference force: they are not statically determinate (over-constrained) and hold the part in a deformed shape - release onto 3-2-1 supports
  runtime: 9.054 s (103 increments, 788 Newton iterations; CHOLMOD supernodal LLT x 597, SimplicialLDLT x 21, UMFPACK LU x 277)
  failed factorisations: CHOLMOD supernodal LLT (not positive definite) x 21
  output:  out
