    1C
    1Uhomogeneous uniaxial                                              
    1UUSER                                                              
    1UDATE              01.october.2026                                 
    1UTIME              00:49:11                                        
    1UHOST                                                              
    1UPGM               CalculiX                                        
    1UVERSION           Version 2.21                             
    1UCOMPILETIME       Sat Jul 29 10:52:01 CEST 2023                    
    1UDIR                                                               
    1UDBN                                                               
    1UMAT    1AL                                                        
    2C                             8                                     1
 -1         1 0.00000E+00 0.00000E+00 0.00000E+00
 -1         2 1.00000E+00 0.00000E+00 0.00000E+00
 -1         3 0.00000E+00 1.00000E+00 0.00000E+00
 -1         4 1.00000E+00 1.00000E+00 0.00000E+00
 -1         5 0.00000E+00 0.00000E+00 1.00000E+00
 -1         6 1.00000E+00 0.00000E+00 1.00000E+00
 -1         7 0.00000E+00 1.00000E+00 1.00000E+00
 -1         8 1.00000E+00 1.00000E+00 1.00000E+00
 -3
    3C                             1                                     1
 -1         1    1    0    1
 -2         1         2         4         3         5         6         8         7
 -3
 9999
