[info ] applied 0 boundary condition group(s): 0 of 14406 DOFs prescribed, 14406 free
[info ] forming 'spif': 2304 Hex8 elements, 14406 DOFs, 1 tool(s), 3 step(s); linear algebra SuiteSparse (CHOLMOD, UMFPACK)
[info ] forming step 'form' (form, t = 0 .. 0.964602 s, 1 tool(s), 7056 prescribed DOF(s)): start imbalance 0 N
[info ] forming step 'form': t = 0.120107 s of 0.964602 (16 increment(s), 118 iteration(s), 0 cut(s), 62.4832 s elapsed)
[info ] forming step 'form': t = 0.18 s of 0.964602 (24 increment(s), 210 iteration(s), 0 cut(s), 123.068 s elapsed)
[info ] forming increment to t = 0.209946 failed (solver error: solver error: an element is inverted (det F = -0.379083); the load step is too large or the mesh too coarse for this deformation); halving to 0.00374242
[info ] forming increment to t = 0.206204 failed (solver error: solver error: Hex8 element 305: the incompatible modes did not converge in 25 local iterations (residual 10.4443 N of 300.293 N); the step is cut); halving to 0.00187121
[info ] forming step 'form': t = 0.204332 s of 0.964602 (28 increment(s), 257 iteration(s), 2 cut(s), 183.511 s elapsed)
[info ] forming step 'form': t = 0.230531 s of 0.964602 (43 increment(s), 371 iteration(s), 2 cut(s), 245.894 s elapsed)
[info ] forming increment to t = 0.238016 failed (solver error: solver error: Hex8 element 952: the incompatible modes did not converge in 25 local iterations (residual 39.8331 N of 204.321 N); the step is cut); halving to 0.00140341
[info ] forming step 'form': t = 0.256262 s of 0.964602 (62 increment(s), 496 iteration(s), 3 cut(s), 309.259 s elapsed)
[info ] forming step 'form': t = 0.282288 s of 0.964602 (82 increment(s), 625 iteration(s), 3 cut(s), 370.895 s elapsed)
[info ] forming step 'form': t = 0.306411 s of 0.964602 (101 increment(s), 756 iteration(s), 3 cut(s), 433.41 s elapsed)
[info ] forming step 'form': t = 0.328665 s of 0.964602 (119 increment(s), 878 iteration(s), 3 cut(s), 494.884 s elapsed)
[info ] forming step 'form': t = 0.351812 s of 0.964602 (138 increment(s), 1011 iteration(s), 3 cut(s), 558.585 s elapsed)
[info ] forming step 'form': t = 0.377434 s of 0.964602 (157 increment(s), 1139 iteration(s), 3 cut(s), 619.174 s elapsed)
[info ] forming step 'form': t = 0.405195 s of 0.964602 (173 increment(s), 1260 iteration(s), 3 cut(s), 680.233 s elapsed)
[info ] forming step 'form': t = 0.427657 s of 0.964602 (186 increment(s), 1373 iteration(s), 3 cut(s), 745.227 s elapsed)
[info ] forming step 'form': t = 0.447762 s of 0.964602 (199 increment(s), 1481 iteration(s), 3 cut(s), 806.003 s elapsed)
[info ] forming step 'form': t = 0.475645 s of 0.964602 (215 increment(s), 1604 iteration(s), 3 cut(s), 867.511 s elapsed)
[info ] forming step 'form': t = 0.501099 s of 0.964602 (230 increment(s), 1720 iteration(s), 3 cut(s), 929.12 s elapsed)
[info ] forming step 'form': t = 0.520099 s of 0.964602 (241 increment(s), 1825 iteration(s), 3 cut(s), 990.166 s elapsed)
[info ] forming increment to t = 0.532289 failed (solver error: solver error: an element is inverted (det F = -0.0950226); the load step is too large or the mesh too coarse for this deformation); halving to 0.00105256
[info ] forming step 'form': t = 0.540256 s of 0.964602 (256 increment(s), 1934 iteration(s), 4 cut(s), 1052.88 s elapsed)
[info ] forming step 'form': t = 0.561707 s of 0.964602 (278 increment(s), 2074 iteration(s), 4 cut(s), 1113.28 s elapsed)
[info ] forming step 'form': t = 0.583954 s of 0.964602 (301 increment(s), 2215 iteration(s), 4 cut(s), 1175.63 s elapsed)
[info ] forming step 'form': t = 0.606163 s of 0.964602 (324 increment(s), 2359 iteration(s), 4 cut(s), 1236.48 s elapsed)
[info ] forming step 'form': t = 0.628157 s of 0.964602 (346 increment(s), 2500 iteration(s), 4 cut(s), 1297.12 s elapsed)
[info ] forming step 'form': t = 0.650554 s of 0.964602 (370 increment(s), 2645 iteration(s), 4 cut(s), 1358.53 s elapsed)
[info ] forming step 'form': t = 0.673713 s of 0.964602 (394 increment(s), 2790 iteration(s), 4 cut(s), 1419.08 s elapsed)
[info ] forming step 'form': t = 0.696584 s of 0.964602 (418 increment(s), 2937 iteration(s), 4 cut(s), 1479.61 s elapsed)
[info ] forming step 'form': t = 0.72015 s of 0.964602 (442 increment(s), 3083 iteration(s), 4 cut(s), 1539.72 s elapsed)
[info ] forming step 'form': t = 0.743521 s of 0.964602 (466 increment(s), 3229 iteration(s), 4 cut(s), 1601.39 s elapsed)
[info ] forming step 'form': t = 0.767033 s of 0.964602 (490 increment(s), 3380 iteration(s), 4 cut(s), 1662.68 s elapsed)
[info ] forming step 'form': t = 0.79539 s of 0.964602 (512 increment(s), 3520 iteration(s), 4 cut(s), 1722.79 s elapsed)
[info ] forming step 'form': t = 0.826296 s of 0.964602 (534 increment(s), 3659 iteration(s), 4 cut(s), 1783.47 s elapsed)
[info ] forming step 'form': t = 0.879807 s of 0.964602 (554 increment(s), 3801 iteration(s), 4 cut(s), 1843.76 s elapsed)
[info ] forming step 'form': t = 0.928205 s of 0.964602 (572 increment(s), 3937 iteration(s), 4 cut(s), 1904.75 s elapsed)
[info ] forming step 'form' completed: 583 increment(s), 4008 iteration(s), 4 cut(s), reactions 228.121 N, largest plastic strain 0.428871, largest displacement change 0.00264156 m
[info ] forming step 'unload' (release, t = 0.964602 .. 1.9646 s, 0 tool(s), 7056 prescribed DOF(s)): start imbalance 120.222 N
[warn ] the supports of release step 'unload' carry reactions of 194.222 N, 0.421027 of the reference force: they are not statically determinate (over-constrained) and hold the part in a deformed shape - release onto 3-2-1 supports
[info ] forming step 'unload' completed: 10 increment(s), 34 iteration(s), 0 cut(s), reactions 194.222 N, largest plastic strain 0.428871, largest displacement change 2.64207e-05 m
[info ] forming step 'release' (release, t = 1.9646 .. 2.9646 s, 0 tool(s), 6 prescribed DOF(s)): start imbalance 194.222 N
[info ] forming step 'release' completed: 10 increment(s), 40 iteration(s), 0 cut(s), reactions 5.99127e-14 N, largest plastic strain 0.428871, largest displacement change 0.000175447 m
case: spif
  mesh:    2304 elements, 14406 DOFs
  step 1 'form' (form): completed, 583 increment(s), 4008 iteration(s), 4 cut(s), largest plastic strain 0.428871, largest displacement change 0.00264156 m
  step 2 'unload' (release): completed, 10 increment(s), 34 iteration(s), 0 cut(s), largest plastic strain 0.428871, largest displacement change 2.64207e-05 m
      warning: the supports of release step 'unload' carry reactions of 194.222 N, 0.421027 of the reference force: they are not statically determinate (over-constrained) and hold the part in a deformed shape - release onto 3-2-1 supports
  step 3 'release' (release): completed, 10 increment(s), 40 iteration(s), 0 cut(s), largest plastic strain 0.428871, largest displacement change 0.000175447 m
  runtime: 1965 s (603 increments, 4082 Newton iterations; CHOLMOD supernodal LLT x 196, SimplicialLDLT x 8, UMFPACK LU x 4261)
  failed factorisations: CHOLMOD supernodal LLT (not positive definite) x 8
  output:  /home/user/wt/audit/benchmarks/physics_audit/convergence/cases/c1_h0.833_L1_im_tp5/output
