strip_h2_im_nz4 sparlab rc 0 2.0 s
strip_h2_im_nz4 ccx rc 0 24.1 s
  name: strip_h2_im_nz4
  F_end_plunge_sparlab: 94.48611159889117
  F_end_plunge_ccx: 94.4889
  F_profile_depths: [0.5, 1.0, 1.5, 2.0, 2.5, 3.0, 3.5, 4.0]
  F_sparlab: [10.64154216806218, 16.71117510303305, 27.88319685612604, 39.84154342753104, 51.85303644342668, 64.91278114519336, 79.25766483344941, 94.48611159889117]
  F_ccx: [10.608995, 16.67733, 27.846075, 39.764505, 51.73615, 64.89405, 79.17005, 94.4889]
  F_rel_max: 0.003067884192817536
  form_uz_min_sparlab: -3.9999045546139436
  form_uz_min_ccx: -3.999863
  form_dz_rms: 0.00015199443533186593
  form_dz_max: 0.00026841359492157935
  form_d3_max: 0.0003196795120927133
  form_uz_range_sparlab: 3.9999045546139436
  form_uz_range_ccx: 3.999863
  unload_uz_min_sparlab: -3.8549590746946985
  unload_uz_min_ccx: -3.855037
  unload_dz_rms: 0.00017424492751614304
  unload_dz_max: 0.0003317239684834661
  unload_d3_max: 0.0003758828883302985
  unload_uz_range_sparlab: 3.8549590746946985
  unload_uz_range_ccx: 3.855037
  release_uz_min_sparlab: -3.902997583539318
  release_uz_min_ccx: -3.902714
  release_dz_rms: 0.00020829064784428644
  release_dz_max: 0.0003411466563428833
  release_d3_max: 0.000481558200860666
  release_uz_range_sparlab: 3.910535550600895
  release_uz_range_ccx: 3.910225961
  springback_unload_max_sparlab: 0.14494547991924644
  springback_unload_max_ccx: 0.14482600000000012
  peeq_max_sparlab: 0.14244106603561962
  peeq_max_ccx: 0.1423722
  sparlab_runtime_s: 2.002045987
  sparlab_increments: [40, 20, 20]
  sparlab_iterations: [176, 61, 60]
  sparlab_max_penetration_mm: 9.544538605646413e-05
