  name: strip_h1_std_nz4
  F_end_plunge_sparlab: 103.766254100994
  F_end_plunge_ccx: 121.6134
  F_profile_depths: [0.5, 1.0, 1.5, 2.0, 2.5, 3.0, 3.5, 4.0]
  F_sparlab: [12.846959865580985, 20.22123241811458, 31.542892458934148, 43.25310180069202, 55.99764067926677, 69.85435720250518, 86.30180406851005, 103.766254100994]
  F_ccx: [15.56391, 24.92843, 38.09065, 52.29045, 68.07871, 85.05684, 103.0714, 121.6134]
  F_rel_max: 0.1888284814521178
  form_uz_min_sparlab: -3.9999621749058374
  form_uz_min_ccx: -3.999825
  form_dz_rms: 0.09384284260125977
  form_dz_max: 0.1955514555009249
  form_d3_max: 0.19570877345230014
  form_uz_range_sparlab: 3.9999621749058374
  form_uz_range_ccx: 3.999825
  unload_uz_min_sparlab: -3.8667962310359476
  unload_uz_min_ccx: -3.838865
  unload_dz_rms: 0.10538345706813522
  unload_dz_max: 0.21504161317211634
  unload_d3_max: 0.21523861146752737
  unload_uz_range_sparlab: 3.8667962310359476
  unload_uz_range_ccx: 3.838865
  release_uz_min_sparlab: -3.9009336426267827
  release_uz_min_ccx: -3.783491
  release_dz_rms: 0.10557256531341058
  release_dz_max: 0.188650422229802
  release_d3_max: 0.2061093531834191
  release_uz_range_sparlab: 3.902879917140351
  release_uz_range_ccx: 3.79823629
  springback_unload_max_sparlab: 0.13316594386988978
  springback_unload_max_ccx: 0.16095999999999977
  peeq_max_sparlab: 0.14428391211976646
  peeq_max_ccx: 0.1189051
  sparlab_runtime_s: 11.313223623
  sparlab_increments: [71, 20, 20]
  sparlab_iterations: [650, 61, 60]
  sparlab_max_penetration_mm: 7.702423986209045e-05
