[info ] applied 0 boundary condition group(s): 0 of 3969 DOFs prescribed, 3969 free
[info ] forming 'spif': 800 Hex8 elements, 3969 DOFs, 1 tool(s), 3 step(s); linear algebra SuiteSparse (CHOLMOD, UMFPACK)
[info ] forming step 'form' (form, t = 0 .. 0.963829 s, 1 tool(s), 1944 prescribed DOF(s)): start imbalance 0 N
[info ] forming increment to t = 0.360324 failed (solver error: solver error: an element is inverted (det F = -0.2948); the load step is too large or the mesh too coarse for this deformation); halving to 0.00323308
[info ] forming step 'form': t = 0.466554 s of 0.963829 (80 increment(s), 672 iteration(s), 1 cut(s), 60.1814 s elapsed)
[info ] forming increment to t = 0.571961 failed (solver error: solver error: an element is inverted (det F = -1.70302); the load step is too large or the mesh too coarse for this deformation); halving to 0.00386829
[info ] forming increment to t = 0.668543 failed (solver error: solver error: an element is inverted (det F = -0.859462); the load step is too large or the mesh too coarse for this deformation); halving to 0.00290122
[info ] forming step 'form': t = 0.792164 s of 0.963829 (171 increment(s), 1383 iteration(s), 3 cut(s), 120.469 s elapsed)
[info ] forming step 'form' completed: 210 increment(s), 1632 iteration(s), 3 cut(s), reactions 1346.59 N, largest plastic strain 0.272728, largest displacement change 0.00255126 m
[info ] forming step 'unload' (release, t = 0.963829 .. 1.96383 s, 0 tool(s), 1944 prescribed DOF(s)): start imbalance 497.715 N
[warn ] the supports of release step 'unload' carry reactions of 1028.78 N, 0.601369 of the reference force: they are not statically determinate (over-constrained) and hold the part in a deformed shape - release onto 3-2-1 supports
[info ] forming step 'unload' completed: 10 increment(s), 36 iteration(s), 0 cut(s), reactions 1028.78 N, largest plastic strain 0.272728, largest displacement change 8.485e-05 m
[info ] forming step 'release' (release, t = 1.96383 .. 2.96383 s, 0 tool(s), 6 prescribed DOF(s)): start imbalance 1028.78 N
[info ] forming step 'release' completed: 10 increment(s), 40 iteration(s), 0 cut(s), reactions 5.96194e-13 N, largest plastic strain 0.272728, largest displacement change 0.000183157 m
case: spif
  mesh:    800 elements, 3969 DOFs
  step 1 'form' (form): completed, 210 increment(s), 1632 iteration(s), 3 cut(s), largest plastic strain 0.272728, largest displacement change 0.00255126 m
  step 2 'unload' (release): completed, 10 increment(s), 36 iteration(s), 0 cut(s), largest plastic strain 0.272728, largest displacement change 8.485e-05 m
      warning: the supports of release step 'unload' carry reactions of 1028.78 N, 0.601369 of the reference force: they are not statically determinate (over-constrained) and hold the part in a deformed shape - release onto 3-2-1 supports
  step 3 'release' (release): completed, 10 increment(s), 40 iteration(s), 0 cut(s), largest plastic strain 0.272728, largest displacement change 0.000183157 m
  runtime: 145 s (230 increments, 1708 Newton iterations; CHOLMOD supernodal LLT x 541, SimplicialLDLT x 24, UMFPACK LU x 1497)
  failed factorisations: CHOLMOD supernodal LLT (not positive definite) x 24
  output:  /home/user/wt/audit/benchmarks/physics_audit/material/runs/pyramid-s2026-0001/ys115/output
