[info ] material region 'e_bin_0': 59 element(s) of 'AA5754-O-E59.82'
[info ] material region 'e_bin_1': 15 element(s) of 'AA5754-O-E61.36'
[info ] material region 'e_bin_2': 15 element(s) of 'AA5754-O-E63.02'
[info ] material region 'e_bin_3': 17 element(s) of 'AA5754-O-E64.10'
[info ] material region 'e_bin_4': 48 element(s) of 'AA5754-O-E65.56'
[info ] material region 'e_bin_5': 122 element(s) of 'AA5754-O-E66.77'
[info ] material region 'e_bin_6': 143 element(s) of 'AA5754-O-E67.97'
[info ] material region 'e_bin_7': 381 element(s) of 'AA5754-O-E69.81'
[info ] applied 0 boundary condition group(s): 0 of 3969 DOFs prescribed, 3969 free
[info ] forming 'spif': 800 Hex8 elements, 3969 DOFs, 1 tool(s), 3 step(s); linear algebra SuiteSparse (CHOLMOD, UMFPACK)
[info ] forming step 'form' (form, t = 0 .. 0.945104 s, 1 tool(s), 1944 prescribed DOF(s)): start imbalance 0 N
[info ] forming increment to t = 0.699348 failed (solver error: solver error: an element is inverted (det F = -3.0193); the load step is too large or the mesh too coarse for this deformation); halving to 0.00434195
[info ] forming step 'form': t = 0.714041 s of 0.945104 (82 increment(s), 694 iteration(s), 1 cut(s), 60.5763 s elapsed)
[info ] forming increment to t = 0.884761 failed (solver error: solver error: an element is inverted (det F = -5.39707); the load step is too large or the mesh too coarse for this deformation); halving to 0.00325646
[info ] forming step 'form' completed: 143 increment(s), 1073 iteration(s), 2 cut(s), reactions 1504 N, largest plastic strain 0.384945, largest displacement change 0.00326149 m
[info ] forming step 'unload' (release, t = 0.945104 .. 1.9451 s, 0 tool(s), 1944 prescribed DOF(s)): start imbalance 619.909 N
[warn ] the supports of release step 'unload' carry reactions of 898.654 N, 0.515057 of the reference force: they are not statically determinate (over-constrained) and hold the part in a deformed shape - release onto 3-2-1 supports
[info ] forming step 'unload' completed: 10 increment(s), 37 iteration(s), 0 cut(s), reactions 898.654 N, largest plastic strain 0.385441, largest displacement change 0.000111449 m
[info ] forming step 'release' (release, t = 1.9451 .. 2.9451 s, 0 tool(s), 6 prescribed DOF(s)): start imbalance 898.654 N
[info ] forming step 'release' completed: 10 increment(s), 41 iteration(s), 0 cut(s), reactions 6.4678e-13 N, largest plastic strain 0.385441, largest displacement change 0.000136415 m
case: spif
  mesh:    800 elements, 3969 DOFs
  step 1 'form' (form): completed, 143 increment(s), 1073 iteration(s), 2 cut(s), largest plastic strain 0.384945, largest displacement change 0.00326149 m
  step 2 'unload' (release): completed, 10 increment(s), 37 iteration(s), 0 cut(s), largest plastic strain 0.385441, largest displacement change 0.000111449 m
      warning: the supports of release step 'unload' carry reactions of 898.654 N, 0.515057 of the reference force: they are not statically determinate (over-constrained) and hold the part in a deformed shape - release onto 3-2-1 supports
  step 3 'release' (release): completed, 10 increment(s), 41 iteration(s), 0 cut(s), largest plastic strain 0.385441, largest displacement change 0.000136415 m
  runtime: 95.75 s (163 increments, 1151 Newton iterations; UMFPACK LU x 1362)
  output:  /home/user/wt/audit/benchmarks/physics_audit/material/runs/elliptic_cone-s2026-0001/combo_lit/output
