[info ] applied 0 boundary condition group(s): 0 of 1230 DOFs prescribed, 1230 free
[info ] forming 'punch': 160 Hex8 elements, 1230 DOFs, 1 tool(s), 3 step(s); linear algebra SuiteSparse (CHOLMOD, UMFPACK)
[info ] forming step 'form' (form, t = 0 .. 1 s, 1 tool(s), 650 prescribed DOF(s)): start imbalance 0 N
[info ] forming increment to t = 0.675 failed (solver error: solver error: an element is inverted (det F = -1.87479); the load step is too large or the mesh too coarse for this deformation); halving to 0.0125
[info ] forming increment to t = 0.8 failed (solver error: solver error: an element is inverted (det F = -2.03438); the load step is too large or the mesh too coarse for this deformation); halving to 0.00625
[info ] forming step 'form' completed: 71 increment(s), 650 iteration(s), 2 cut(s), reactions 352.007 N, largest plastic strain 0.144284, largest displacement change 0.00400006 m
[info ] forming step 'unload' (release, t = 1 .. 2 s, 0 tool(s), 650 prescribed DOF(s)): start imbalance 42.7152 N
[warn ] the supports of release step 'unload' carry reactions of 118.607 N, 0.336944 of the reference force: they are not statically determinate (over-constrained) and hold the part in a deformed shape - release onto 3-2-1 supports
[info ] forming step 'unload' completed: 20 increment(s), 61 iteration(s), 0 cut(s), reactions 118.607 N, largest plastic strain 0.144284, largest displacement change 0.000133166 m
[info ] forming step 'release' (release, t = 2 .. 3 s, 0 tool(s), 416 prescribed DOF(s)): start imbalance 38.4245 N
[warn ] the supports of release step 'release' carry reactions of 109.5 N, 0.311074 of the reference force: they are not statically determinate (over-constrained) and hold the part in a deformed shape - release onto 3-2-1 supports
[info ] forming step 'release' completed: 20 increment(s), 60 iteration(s), 0 cut(s), reactions 109.5 N, largest plastic strain 0.144284, largest displacement change 3.548e-05 m
case: punch
  mesh:    160 elements, 1230 DOFs
  step 1 'form' (form): completed, 71 increment(s), 650 iteration(s), 2 cut(s), largest plastic strain 0.144284, largest displacement change 0.00400006 m
  step 2 'unload' (release): completed, 20 increment(s), 61 iteration(s), 0 cut(s), largest plastic strain 0.144284, largest displacement change 0.000133166 m
      warning: the supports of release step 'unload' carry reactions of 118.607 N, 0.336944 of the reference force: they are not statically determinate (over-constrained) and hold the part in a deformed shape - release onto 3-2-1 supports
  step 3 'release' (release): completed, 20 increment(s), 60 iteration(s), 0 cut(s), largest plastic strain 0.144284, largest displacement change 3.548e-05 m
      warning: the supports of release step 'release' carry reactions of 109.5 N, 0.311074 of the reference force: they are not statically determinate (over-constrained) and hold the part in a deformed shape - release onto 3-2-1 supports
  runtime: 11.31 s (111 increments, 771 Newton iterations; CHOLMOD supernodal LLT x 466, SimplicialLDLT x 25, UMFPACK LU x 327)
  failed factorisations: CHOLMOD supernodal LLT (not positive definite) x 25
  output:  out
