[info ] applied 0 boundary condition group(s): 0 of 3969 DOFs prescribed, 3969 free
[info ] forming 'spif': 800 Hex8 elements, 3969 DOFs, 1 tool(s), 3 step(s); linear algebra SuiteSparse (CHOLMOD, UMFPACK)
[info ] forming step 'form' (form, t = 0 .. 0.963829 s, 1 tool(s), 1944 prescribed DOF(s)): start imbalance 0 N
[info ] forming increment to t = 0.0542859 failed (solver error: solver error: an element is inverted (det F = -0.841607); the load step is too large or the mesh too coarse for this deformation); halving to 0.00384862
[info ] forming step 'form': t = 0.616311 s of 0.963829 (90 increment(s), 734 iteration(s), 1 cut(s), 60.7099 s elapsed)
[info ] forming step 'form' completed: 142 increment(s), 1152 iteration(s), 1 cut(s), reactions 1191.1 N, largest plastic strain 0.272132, largest displacement change 0.00254731 m
[info ] forming step 'unload' (release, t = 0.963829 .. 1.96383 s, 0 tool(s), 1944 prescribed DOF(s)): start imbalance 444.461 N
[warn ] the supports of release step 'unload' carry reactions of 919.454 N, 0.595328 of the reference force: they are not statically determinate (over-constrained) and hold the part in a deformed shape - release onto 3-2-1 supports
[info ] forming step 'unload' completed: 10 increment(s), 37 iteration(s), 0 cut(s), reactions 919.454 N, largest plastic strain 0.272132, largest displacement change 7.40487e-05 m
[info ] forming step 'release' (release, t = 1.96383 .. 2.96383 s, 0 tool(s), 6 prescribed DOF(s)): start imbalance 919.454 N
[info ] forming step 'release' completed: 10 increment(s), 40 iteration(s), 0 cut(s), reactions 1.25598e-12 N, largest plastic strain 0.272132, largest displacement change 0.000165544 m
case: spif
  mesh:    800 elements, 3969 DOFs
  step 1 'form' (form): completed, 142 increment(s), 1152 iteration(s), 1 cut(s), largest plastic strain 0.272132, largest displacement change 0.00254731 m
  step 2 'unload' (release): completed, 10 increment(s), 37 iteration(s), 0 cut(s), largest plastic strain 0.272132, largest displacement change 7.40487e-05 m
      warning: the supports of release step 'unload' carry reactions of 919.454 N, 0.595328 of the reference force: they are not statically determinate (over-constrained) and hold the part in a deformed shape - release onto 3-2-1 supports
  step 3 'release' (release): completed, 10 increment(s), 40 iteration(s), 0 cut(s), largest plastic strain 0.272132, largest displacement change 0.000165544 m
  runtime: 98.38 s (162 increments, 1229 Newton iterations; CHOLMOD supernodal LLT x 282, SimplicialLDLT x 2, UMFPACK LU x 1125)
  failed factorisations: CHOLMOD supernodal LLT (not positive definite) x 2
  output:  /home/user/wt/audit/benchmarks/physics_audit/material/runs/pyramid-s2026-0001/mu02/output
