[info ] applied 0 boundary condition group(s): 0 of 2430 DOFs prescribed, 2430 free
[info ] forming 'punch': 320 Hex8 elements, 2430 DOFs, 1 tool(s), 3 step(s); linear algebra SuiteSparse (CHOLMOD, UMFPACK)
[info ] forming step 'form' (form, t = 0 .. 1 s, 1 tool(s), 1250 prescribed DOF(s)): start imbalance 0 N
[info ] forming increment to t = 0.075 failed (solver error: solver error: Hex8 element 30: the incompatible modes did not converge in 25 local iterations (residual 728.559 N of 46152.1 N); the step is cut); halving to 0.0125
[info ] forming increment to t = 0.1125 failed (solver error: solver error: an element is inverted (det F = -0.323262); the load step is too large or the mesh too coarse for this deformation); halving to 0.00625
[info ] forming increment to t = 0.903125 failed (solver error: solver error: an element is inverted (det F = -0.00504826); the load step is too large or the mesh too coarse for this deformation); halving to 0.0046875
[info ] forming step 'form': t = 0.996875 s of 1 (113 increment(s), 1458 iteration(s), 3 cut(s), 60.5411 s elapsed)
[info ] forming step 'form' completed: 114 increment(s), 1476 iteration(s), 3 cut(s), reactions 238.611 N, largest plastic strain 0.205383, largest displacement change 0.00400113 m
[info ] forming step 'unload' (release, t = 1 .. 2 s, 0 tool(s), 1250 prescribed DOF(s)): start imbalance 23.3332 N
[warn ] the supports of release step 'unload' carry reactions of 82.6541 N, 0.346397 of the reference force: they are not statically determinate (over-constrained) and hold the part in a deformed shape - release onto 3-2-1 supports
[info ] forming step 'unload' completed: 20 increment(s), 61 iteration(s), 0 cut(s), reactions 82.6541 N, largest plastic strain 0.205383, largest displacement change 0.000132826 m
[info ] forming step 'release' (release, t = 2 .. 3 s, 0 tool(s), 816 prescribed DOF(s)): start imbalance 17.693 N
[warn ] the supports of release step 'release' carry reactions of 79.5909 N, 0.333559 of the reference force: they are not statically determinate (over-constrained) and hold the part in a deformed shape - release onto 3-2-1 supports
[info ] forming step 'release' completed: 20 increment(s), 60 iteration(s), 0 cut(s), reactions 79.5909 N, largest plastic strain 0.205383, largest displacement change 3.24743e-05 m
case: punch
  mesh:    320 elements, 2430 DOFs
  step 1 'form' (form): completed, 114 increment(s), 1476 iteration(s), 3 cut(s), largest plastic strain 0.205383, largest displacement change 0.00400113 m
  step 2 'unload' (release): completed, 20 increment(s), 61 iteration(s), 0 cut(s), largest plastic strain 0.205383, largest displacement change 0.000132826 m
      warning: the supports of release step 'unload' carry reactions of 82.6541 N, 0.346397 of the reference force: they are not statically determinate (over-constrained) and hold the part in a deformed shape - release onto 3-2-1 supports
  step 3 'release' (release): completed, 20 increment(s), 60 iteration(s), 0 cut(s), largest plastic strain 0.205383, largest displacement change 3.24743e-05 m
      warning: the supports of release step 'release' carry reactions of 79.5909 N, 0.333559 of the reference force: they are not statically determinate (over-constrained) and hold the part in a deformed shape - release onto 3-2-1 supports
  runtime: 64.02 s (154 increments, 1597 Newton iterations; CHOLMOD supernodal LLT x 721, SimplicialLDLT x 12, UMFPACK LU x 1026)
  failed factorisations: CHOLMOD supernodal LLT (not positive definite) x 12
  output:  out
