[info ] applied 0 boundary condition group(s): 0 of 3969 DOFs prescribed, 3969 free
[info ] forming 'spif': 800 Hex8 elements, 3969 DOFs, 1 tool(s), 3 step(s); linear algebra SuiteSparse (CHOLMOD, UMFPACK)
[info ] forming step 'form' (form, t = 0 .. 0.951429 s, 1 tool(s), 1944 prescribed DOF(s)): start imbalance 0 N
[info ] forming increment to t = 0.140547 failed (solver error: solver error: Hex8 element 86: the incompatible modes did not converge in 25 local iterations (residual 924.528 N of 1.44522e+07 N); the step is cut); halving to 0.00467304
[info ] forming step 'form': t = 0.243332 s of 0.951429 (29 increment(s), 236 iteration(s), 1 cut(s), 71.737 s elapsed)
[info ] forming increment to t = 0.253182 failed (solver error: solver error: Hex8 element 151: the incompatible modes did not converge in 25 local iterations (residual 202.081 N of 19315.1 N); the step is cut); halving to 0.000152865
[info ] forming increment to t = 0.253029 failed (solver error: solver error: Hex8 element 171: the incompatible modes did not converge in 25 local iterations (residual 102.776 N of 70446.2 N); the step is cut); halving to 7.64326e-05
[info ] forming increment to t = 0.252952 failed (solver error: solver error: Hex8 element 110: the incompatible modes did not converge in 25 local iterations (residual 7.26066 N of 12827.8 N); the step is cut); halving to 3.82163e-05
[info ] forming step 'form': t = 0.25788 s of 0.951429 (65 increment(s), 483 iteration(s), 4 cut(s), 132.138 s elapsed)
[info ] forming increment to t = 0.266719 failed (solver error: solver error: Hex8 element 171: the incompatible modes did not converge in 25 local iterations (residual 5.90074 N of 37709.5 N); the step is cut); halving to 0.000734582
[info ] forming step 'form': t = 0.299178 s of 0.951429 (108 increment(s), 741 iteration(s), 5 cut(s), 192.678 s elapsed)
[info ] forming increment to t = 0.325894 failed (solver error: solver error: Hex8 element 192: no step of the incompatible modes lowers their residual (48.4694 N of 88085.8 N) without inverting a point (an unstable or non-smooth element state); the step is cut); halving to 0.00185941
[info ] forming step 'form': t = 0.379521 s of 0.951429 (138 increment(s), 955 iteration(s), 6 cut(s), 253.001 s elapsed)
[info ] forming step 'form': t = 0.500812 s of 0.951429 (162 increment(s), 1156 iteration(s), 6 cut(s), 316.401 s elapsed)
[info ] forming increment to t = 0.588225 failed (solver error: solver error: Hex8 element 87: the incompatible modes did not converge in 25 local iterations (residual 729.62 N of 3.32679e+06 N); the step is cut); halving to 0.00419408
[info ] forming step 'form': t = 0.60108 s of 0.951429 (178 increment(s), 1317 iteration(s), 7 cut(s), 377.088 s elapsed)
[info ] forming step 'form': t = 0.729303 s of 0.951429 (201 increment(s), 1515 iteration(s), 7 cut(s), 441.959 s elapsed)
[info ] forming increment to t = 0.800713 failed (solver error: solver error: Hex8 element 590: the incompatible modes did not converge in 25 local iterations (residual 28.2715 N of 18494.2 N); the step is cut); halving to 0.00461124
[info ] forming step 'form' completed: 232 increment(s), 1716 iteration(s), 8 cut(s), reactions 1067.33 N, largest plastic strain 0.312325, largest displacement change 0.00308956 m
[info ] forming step 'unload' (release, t = 0.951429 .. 1.95143 s, 0 tool(s), 1944 prescribed DOF(s)): start imbalance 453.58 N
[warn ] the supports of release step 'unload' carry reactions of 558.783 N, 0.380811 of the reference force: they are not statically determinate (over-constrained) and hold the part in a deformed shape - release onto 3-2-1 supports
[info ] forming step 'unload' completed: 10 increment(s), 39 iteration(s), 0 cut(s), reactions 558.783 N, largest plastic strain 0.312325, largest displacement change 9.23743e-05 m
[info ] forming step 'release' (release, t = 1.95143 .. 2.95143 s, 0 tool(s), 6 prescribed DOF(s)): start imbalance 558.783 N
[info ] forming step 'release' completed: 10 increment(s), 40 iteration(s), 0 cut(s), reactions 9.99982e-13 N, largest plastic strain 0.312325, largest displacement change 0.000208001 m
case: spif
  mesh:    800 elements, 3969 DOFs
  step 1 'form' (form): completed, 232 increment(s), 1716 iteration(s), 8 cut(s), largest plastic strain 0.312325, largest displacement change 0.00308956 m
  step 2 'unload' (release): completed, 10 increment(s), 39 iteration(s), 0 cut(s), largest plastic strain 0.312325, largest displacement change 9.23743e-05 m
      warning: the supports of release step 'unload' carry reactions of 558.783 N, 0.380811 of the reference force: they are not statically determinate (over-constrained) and hold the part in a deformed shape - release onto 3-2-1 supports
  step 3 'release' (release): completed, 10 increment(s), 40 iteration(s), 0 cut(s), largest plastic strain 0.312325, largest displacement change 0.000208001 m
  runtime: 513.6 s (252 increments, 1795 Newton iterations; CHOLMOD supernodal LLT x 615, SimplicialLDLT x 8, UMFPACK LU x 1575)
  failed factorisations: CHOLMOD supernodal LLT (not positive definite) x 8
  output:  /home/user/wt/audit/benchmarks/physics_audit/material/runs/truncated_cone-s2026-0000/E63_im5/output
