[info ] applied 0 boundary condition group(s): 0 of 24 DOFs prescribed, 24 free
[info ] forming 'homog_shear': 1 Hex8 elements, 24 DOFs, 0 tool(s), 10 step(s); linear algebra SuiteSparse (CHOLMOD, UMFPACK)
[info ] forming step 's00' (form, t = 0 .. 1 s, 0 tool(s), 20 prescribed DOF(s)): start imbalance 0 N
[info ] forming step 's00' completed: 20 increment(s), 20 iteration(s), 0 cut(s), reactions 52.6316 N, largest plastic strain 0, largest displacement change 2e-06 m
[info ] forming step 's01' (form, t = 1 .. 2 s, 0 tool(s), 20 prescribed DOF(s)): start imbalance 1.62241e-16 N
[info ] forming step 's01' completed: 20 increment(s), 20 iteration(s), 0 cut(s), reactions 62.7213 N, largest plastic strain 0.00439746, largest displacement change 8e-06 m
[info ] forming step 's02' (form, t = 2 .. 3 s, 0 tool(s), 20 prescribed DOF(s)): start imbalance 1.78698e-16 N
[info ] forming step 's02' completed: 20 increment(s), 20 iteration(s), 0 cut(s), reactions 84.511 N, largest plastic strain 0.0270144, largest displacement change 4e-05 m
[info ] forming step 's03' (form, t = 3 .. 4 s, 0 tool(s), 20 prescribed DOF(s)): start imbalance 7.58093e-15 N
[info ] forming step 's03' completed: 20 increment(s), 20 iteration(s), 0 cut(s), reactions 104.888 N, largest plastic strain 0.0554391, largest displacement change 5e-05 m
[info ] forming step 's04' (form, t = 4 .. 5 s, 0 tool(s), 20 prescribed DOF(s)): start imbalance 1.77377e-14 N
[info ] forming step 's04' completed: 20 increment(s), 20 iteration(s), 0 cut(s), reactions 131.82 N, largest plastic strain 0.112603, largest displacement change 0.0001 m
[info ] forming step 's05' (form, t = 5 .. 6 s, 0 tool(s), 20 prescribed DOF(s)): start imbalance 1.92607e-14 N
[info ] forming step 's05' completed: 20 increment(s), 20 iteration(s), 0 cut(s), reactions 149.573 N, largest plastic strain 0.16998, largest displacement change 0.0001 m
[info ] forming step 's06' (form, t = 6 .. 7 s, 0 tool(s), 20 prescribed DOF(s)): start imbalance 2.6341e-14 N
[info ] forming step 's06' completed: 20 increment(s), 20 iteration(s), 0 cut(s), reactions 163.777 N, largest plastic strain 0.227428, largest displacement change 0.0001 m
[info ] forming step 's07' (form, t = 7 .. 8 s, 0 tool(s), 20 prescribed DOF(s)): start imbalance 9.9472e-14 N
[info ] forming step 's07' completed: 20 increment(s), 20 iteration(s), 0 cut(s), reactions 190.111 N, largest plastic strain 0.342218, largest displacement change 0.0002 m
[info ] forming step 's08' (form, t = 8 .. 9 s, 0 tool(s), 20 prescribed DOF(s)): start imbalance 5.09087e-13 N
[info ] forming step 's08' completed: 20 increment(s), 20 iteration(s), 0 cut(s), reactions 218.117 N, largest plastic strain 0.456398, largest displacement change 0.0002 m
[info ] forming step 's09' (form, t = 9 .. 10 s, 0 tool(s), 20 prescribed DOF(s)): start imbalance 5.1717e-13 N
[info ] forming step 's09' completed: 20 increment(s), 20 iteration(s), 0 cut(s), reactions 248.949 N, largest plastic strain 0.569343, largest displacement change 0.0002 m
case: homog_shear
  mesh:    1 elements, 24 DOFs
  step 1 's00' (form): completed, 20 increment(s), 20 iteration(s), 0 cut(s), largest plastic strain 0, largest displacement change 2e-06 m
  step 2 's01' (form): completed, 20 increment(s), 20 iteration(s), 0 cut(s), largest plastic strain 0.00439746, largest displacement change 8e-06 m
  step 3 's02' (form): completed, 20 increment(s), 20 iteration(s), 0 cut(s), largest plastic strain 0.0270144, largest displacement change 4e-05 m
  step 4 's03' (form): completed, 20 increment(s), 20 iteration(s), 0 cut(s), largest plastic strain 0.0554391, largest displacement change 5e-05 m
  step 5 's04' (form): completed, 20 increment(s), 20 iteration(s), 0 cut(s), largest plastic strain 0.112603, largest displacement change 0.0001 m
  step 6 's05' (form): completed, 20 increment(s), 20 iteration(s), 0 cut(s), largest plastic strain 0.16998, largest displacement change 0.0001 m
  step 7 's06' (form): completed, 20 increment(s), 20 iteration(s), 0 cut(s), largest plastic strain 0.227428, largest displacement change 0.0001 m
  step 8 's07' (form): completed, 20 increment(s), 20 iteration(s), 0 cut(s), largest plastic strain 0.342218, largest displacement change 0.0002 m
  step 9 's08' (form): completed, 20 increment(s), 20 iteration(s), 0 cut(s), largest plastic strain 0.456398, largest displacement change 0.0002 m
  step 10 's09' (form): completed, 20 increment(s), 20 iteration(s), 0 cut(s), largest plastic strain 0.569343, largest displacement change 0.0002 m
  runtime: 0.03148 s (200 increments, 200 Newton iterations; CHOLMOD supernodal LLT x 200)
  output:  out
