[info ] applied 0 boundary condition group(s): 0 of 3969 DOFs prescribed, 3969 free
[info ] forming 'punch': 800 Hex8 elements, 3969 DOFs, 1 tool(s), 3 step(s); linear algebra SuiteSparse (CHOLMOD, UMFPACK)
[info ] forming step 'form' (form, t = 0 .. 2 s, 1 tool(s), 1944 prescribed DOF(s)): start imbalance 0 N
[info ] forming increment to t = 0.666667 failed (solver error: solver error: Hex8 element 65: the incompatible modes did not converge in 25 local iterations (residual 1253.01 N of 7.46662e+07 N); the step is cut); halving to 0.166667
[info ] forming increment to t = 0.5 failed (solver error: solver error: an element is inverted (det F = -0.733463); the load step is too large or the mesh too coarse for this deformation); halving to 0.0833333
[info ] forming step 'form' completed: 21 increment(s), 175 iteration(s), 2 cut(s), reactions 1459.83 N, largest plastic strain 0.281597, largest displacement change 0.00312086 m
[info ] forming step 'unload' (release, t = 2 .. 3 s, 0 tool(s), 1944 prescribed DOF(s)): start imbalance 682.95 N
[warn ] the supports of release step 'unload' carry reactions of 487.609 N, 0.312903 of the reference force: they are not statically determinate (over-constrained) and hold the part in a deformed shape - release onto 3-2-1 supports
[info ] forming step 'unload' completed: 20 increment(s), 69 iteration(s), 0 cut(s), reactions 487.609 N, largest plastic strain 0.281597, largest displacement change 0.000154368 m
[info ] forming step 'release' (release, t = 3 .. 4 s, 0 tool(s), 6 prescribed DOF(s)): start imbalance 487.609 N
[info ] forming step 'release' completed: 20 increment(s), 80 iteration(s), 0 cut(s), reactions 5.58703e-13 N, largest plastic strain 0.281597, largest displacement change 0.000139685 m
case: punch
  mesh:    800 elements, 3969 DOFs
  step 1 'form' (form): completed, 21 increment(s), 175 iteration(s), 2 cut(s), largest plastic strain 0.281597, largest displacement change 0.00312086 m
  step 2 'unload' (release): completed, 20 increment(s), 69 iteration(s), 0 cut(s), largest plastic strain 0.281597, largest displacement change 0.000154368 m
      warning: the supports of release step 'unload' carry reactions of 487.609 N, 0.312903 of the reference force: they are not statically determinate (over-constrained) and hold the part in a deformed shape - release onto 3-2-1 supports
  step 3 'release' (release): completed, 20 increment(s), 80 iteration(s), 0 cut(s), largest plastic strain 0.281597, largest displacement change 0.000139685 m
  runtime: 32.1 s (61 increments, 324 Newton iterations; CHOLMOD supernodal LLT x 217, SimplicialLDLT x 13, UMFPACK LU x 137)
  failed factorisations: CHOLMOD supernodal LLT (not positive definite) x 13
  output:  out
