[info ] applied 0 boundary condition group(s): 0 of 3969 DOFs prescribed, 3969 free
[info ] forming 'spif': 800 Hex8 elements, 3969 DOFs, 1 tool(s), 3 step(s); linear algebra SuiteSparse (CHOLMOD, UMFPACK)
[info ] forming step 'form' (form, t = 0 .. 0.951429 s, 1 tool(s), 1944 prescribed DOF(s)): start imbalance 0 N
[info ] forming increment to t = 0.177943 failed (solver error: solver error: an element is inverted (det F = -0.317099); the load step is too large or the mesh too coarse for this deformation); halving to 0.00467461
[info ] forming increment to t = 0.272649 failed (solver error: solver error: an element is inverted (det F = -1.66204); the load step is too large or the mesh too coarse for this deformation); halving to 0.00133629
[info ] forming step 'form': t = 0.291262 s of 0.951429 (51 increment(s), 384 iteration(s), 2 cut(s), 60.9892 s elapsed)
[info ] forming step 'form': t = 0.529717 s of 0.951429 (90 increment(s), 782 iteration(s), 2 cut(s), 122.957 s elapsed)
[info ] forming increment to t = 0.588225 failed (solver error: solver error: an element is inverted (det F = -1.35702); the load step is too large or the mesh too coarse for this deformation); halving to 0.00419408
[info ] forming increment to t = 0.692779 failed (solver error: solver error: an element is inverted (det F = -1.37141); the load step is too large or the mesh too coarse for this deformation); halving to 0.00353942
[info ] forming step 'form': t = 0.759866 s of 0.951429 (143 increment(s), 1191 iteration(s), 4 cut(s), 183.65 s elapsed)
[info ] forming step 'form' completed: 179 increment(s), 1405 iteration(s), 4 cut(s), reactions 1217.35 N, largest plastic strain 0.383912, largest displacement change 0.00308989 m
[info ] forming step 'unload' (release, t = 0.951429 .. 1.95143 s, 0 tool(s), 1944 prescribed DOF(s)): start imbalance 488.963 N
[warn ] the supports of release step 'unload' carry reactions of 890.611 N, 0.549958 of the reference force: they are not statically determinate (over-constrained) and hold the part in a deformed shape - release onto 3-2-1 supports
[info ] forming step 'unload' completed: 10 increment(s), 38 iteration(s), 0 cut(s), reactions 890.611 N, largest plastic strain 0.383912, largest displacement change 6.75875e-05 m
[info ] forming step 'release' (release, t = 1.95143 .. 2.95143 s, 0 tool(s), 6 prescribed DOF(s)): start imbalance 890.611 N
[info ] forming step 'release' completed: 10 increment(s), 40 iteration(s), 0 cut(s), reactions 5.52444e-13 N, largest plastic strain 0.383912, largest displacement change 0.000153171 m
case: spif
  mesh:    800 elements, 3969 DOFs
  step 1 'form' (form): completed, 179 increment(s), 1405 iteration(s), 4 cut(s), largest plastic strain 0.383912, largest displacement change 0.00308989 m
  step 2 'unload' (release): completed, 10 increment(s), 38 iteration(s), 0 cut(s), largest plastic strain 0.383912, largest displacement change 6.75875e-05 m
      warning: the supports of release step 'unload' carry reactions of 890.611 N, 0.549958 of the reference force: they are not statically determinate (over-constrained) and hold the part in a deformed shape - release onto 3-2-1 supports
  step 3 'release' (release): completed, 10 increment(s), 40 iteration(s), 0 cut(s), largest plastic strain 0.383912, largest displacement change 0.000153171 m
  runtime: 223.4 s (199 increments, 1483 Newton iterations; CHOLMOD supernodal LLT x 476, SimplicialLDLT x 25, UMFPACK LU x 1296)
  failed factorisations: CHOLMOD supernodal LLT (not positive definite) x 25
  output:  /home/user/wt/audit/benchmarks/physics_audit/material/runs/truncated_cone-s2026-0000/vm/output
