[info ] applied 0 boundary condition group(s): 0 of 3969 DOFs prescribed, 3969 free
[info ] forming 'punch': 800 Hex8 elements, 3969 DOFs, 1 tool(s), 3 step(s); linear algebra SuiteSparse (CHOLMOD, UMFPACK)
[info ] forming step 'form' (form, t = 0 .. 2 s, 1 tool(s), 1944 prescribed DOF(s)): start imbalance 0 N
[info ] forming increment to t = 0.533333 failed (solver error: solver error: an element is inverted (det F = -0.0338239); the load step is too large or the mesh too coarse for this deformation); halving to 0.0166667
[info ] forming step 'form': t = 1.25833 s of 2 (58 increment(s), 410 iteration(s), 1 cut(s), 60.5025 s elapsed)
[info ] forming step 'form' completed: 88 increment(s), 584 iteration(s), 1 cut(s), reactions 1642.93 N, largest plastic strain 0.303905, largest displacement change 0.00317043 m
[info ] forming step 'unload' (release, t = 2 .. 3 s, 0 tool(s), 1944 prescribed DOF(s)): start imbalance 699.254 N
[warn ] the supports of release step 'unload' carry reactions of 841.642 N, 0.500761 of the reference force: they are not statically determinate (over-constrained) and hold the part in a deformed shape - release onto 3-2-1 supports
[info ] forming step 'unload' completed: 20 increment(s), 64 iteration(s), 0 cut(s), reactions 841.642 N, largest plastic strain 0.303905, largest displacement change 0.000139784 m
[info ] forming step 'release' (release, t = 3 .. 4 s, 0 tool(s), 6 prescribed DOF(s)): start imbalance 841.642 N
[info ] forming step 'release' completed: 20 increment(s), 80 iteration(s), 0 cut(s), reactions 8.21045e-13 N, largest plastic strain 0.303905, largest displacement change 0.000123128 m
case: punch
  mesh:    800 elements, 3969 DOFs
  step 1 'form' (form): completed, 88 increment(s), 584 iteration(s), 1 cut(s), largest plastic strain 0.303905, largest displacement change 0.00317043 m
  step 2 'unload' (release): completed, 20 increment(s), 64 iteration(s), 0 cut(s), largest plastic strain 0.303905, largest displacement change 0.000139784 m
      warning: the supports of release step 'unload' carry reactions of 841.642 N, 0.500761 of the reference force: they are not statically determinate (over-constrained) and hold the part in a deformed shape - release onto 3-2-1 supports
  step 3 'release' (release): completed, 20 increment(s), 80 iteration(s), 0 cut(s), largest plastic strain 0.303905, largest displacement change 0.000123128 m
  runtime: 100.9 s (128 increments, 728 Newton iterations; CHOLMOD supernodal LLT x 326, SimplicialLDLT x 15, UMFPACK LU x 481)
  failed factorisations: CHOLMOD supernodal LLT (not positive definite) x 15
  output:  out
