[info ] applied 0 boundary condition group(s): 0 of 14406 DOFs prescribed, 14406 free
[info ] forming 'spif': 2304 Hex8 elements, 14406 DOFs, 1 tool(s), 3 step(s); linear algebra SuiteSparse (CHOLMOD, UMFPACK)
[info ] forming step 'form' (form, t = 0 .. 0.951429 s, 1 tool(s), 7056 prescribed DOF(s)): start imbalance 0 N
[info ] forming step 'form': t = 0.159245 s of 0.951429 (17 increment(s), 135 iteration(s), 0 cut(s), 64.5927 s elapsed)
[info ] forming step 'form': t = 0.262725 s of 0.951429 (29 increment(s), 241 iteration(s), 0 cut(s), 128.967 s elapsed)
[info ] forming step 'form': t = 0.346776 s of 0.951429 (41 increment(s), 353 iteration(s), 0 cut(s), 195.832 s elapsed)
[info ] forming step 'form': t = 0.423543 s of 0.951429 (50 increment(s), 446 iteration(s), 0 cut(s), 258.446 s elapsed)
[info ] forming increment to t = 0.50875 failed (solver error: solver error: Hex8 element 745: the incompatible modes did not converge in 25 local iterations (residual 2.89834 N of 209991 N); the step is cut); halving to 0.00396885
[info ] forming step 'form': t = 0.504781 s of 0.951429 (61 increment(s), 555 iteration(s), 1 cut(s), 346.632 s elapsed)
[info ] forming step 'form': t = 0.560861 s of 0.951429 (77 increment(s), 682 iteration(s), 1 cut(s), 408.001 s elapsed)
[info ] forming step 'form': t = 0.617215 s of 0.951429 (97 increment(s), 828 iteration(s), 1 cut(s), 471.08 s elapsed)
[info ] forming step 'form': t = 0.679996 s of 0.951429 (115 increment(s), 972 iteration(s), 1 cut(s), 532.061 s elapsed)
[info ] forming step 'form': t = 0.742452 s of 0.951429 (135 increment(s), 1121 iteration(s), 1 cut(s), 594.523 s elapsed)
[info ] forming step 'form': t = 0.804682 s of 0.951429 (156 increment(s), 1277 iteration(s), 1 cut(s), 657.835 s elapsed)
[info ] forming step 'form': t = 0.887491 s of 0.951429 (181 increment(s), 1440 iteration(s), 1 cut(s), 720.251 s elapsed)
[info ] forming step 'form' completed: 201 increment(s), 1571 iteration(s), 1 cut(s), reactions 318.817 N, largest plastic strain 0.528402, largest displacement change 0.00311178 m
[info ] forming step 'unload' (release, t = 0.951429 .. 1.95143 s, 0 tool(s), 7056 prescribed DOF(s)): start imbalance 274.213 N
[warn ] the supports of release step 'unload' carry reactions of 184.12 N, 0.353367 of the reference force: they are not statically determinate (over-constrained) and hold the part in a deformed shape - release onto 3-2-1 supports
[info ] forming step 'unload' completed: 10 increment(s), 40 iteration(s), 0 cut(s), reactions 184.12 N, largest plastic strain 0.528402, largest displacement change 6.92492e-05 m
[info ] forming step 'release' (release, t = 1.95143 .. 2.95143 s, 0 tool(s), 6 prescribed DOF(s)): start imbalance 184.12 N
[info ] forming step 'release' completed: 10 increment(s), 40 iteration(s), 0 cut(s), reactions 1.57836e-13 N, largest plastic strain 0.528402, largest displacement change 0.000168023 m
case: spif
  mesh:    2304 elements, 14406 DOFs
  step 1 'form' (form): completed, 201 increment(s), 1571 iteration(s), 1 cut(s), largest plastic strain 0.528402, largest displacement change 0.00311178 m
  step 2 'unload' (release): completed, 10 increment(s), 40 iteration(s), 0 cut(s), largest plastic strain 0.528402, largest displacement change 6.92492e-05 m
      warning: the supports of release step 'unload' carry reactions of 184.12 N, 0.353367 of the reference force: they are not statically determinate (over-constrained) and hold the part in a deformed shape - release onto 3-2-1 supports
  step 3 'release' (release): completed, 10 increment(s), 40 iteration(s), 0 cut(s), largest plastic strain 0.528402, largest displacement change 0.000168023 m
  runtime: 798.4 s (221 increments, 1651 Newton iterations; CHOLMOD supernodal LLT x 108, SimplicialLDLT x 2, UMFPACK LU x 1781)
  failed factorisations: CHOLMOD supernodal LLT (not positive definite) x 2
  output:  /home/user/wt/audit/benchmarks/physics_audit/convergence/cases/h0.833_L1_im_tp5_p3/output
