[info ] applied 0 boundary condition group(s): 0 of 3969 DOFs prescribed, 3969 free
[info ] forming 'spif': 800 Hex8 elements, 3969 DOFs, 1 tool(s), 3 step(s); linear algebra SuiteSparse (CHOLMOD, UMFPACK)
[info ] forming step 'form' (form, t = 0 .. 0.951429 s, 1 tool(s), 1944 prescribed DOF(s)): start imbalance 0 N
[info ] forming increment to t = 0.243332 failed (solver error: solver error: an element is inverted (det F = -0.0678378); the load step is too large or the mesh too coarse for this deformation); halving to 0.00466931
[info ] forming increment to t = 0.652047 failed (solver error: solver error: an element is inverted (det F = -0.823517); the load step is too large or the mesh too coarse for this deformation); halving to 0.0039163
[info ] forming step 'form': t = 0.744358 s of 0.951429 (110 increment(s), 819 iteration(s), 2 cut(s), 60.2054 s elapsed)
[info ] forming step 'form' completed: 141 increment(s), 1016 iteration(s), 2 cut(s), reactions 1150.74 N, largest plastic strain 0.371297, largest displacement change 0.00308921 m
[info ] forming step 'unload' (release, t = 0.951429 .. 1.95143 s, 0 tool(s), 1944 prescribed DOF(s)): start imbalance 408.159 N
[warn ] the supports of release step 'unload' carry reactions of 882.842 N, 0.553476 of the reference force: they are not statically determinate (over-constrained) and hold the part in a deformed shape - release onto 3-2-1 supports
[info ] forming step 'unload' completed: 10 increment(s), 38 iteration(s), 0 cut(s), reactions 882.842 N, largest plastic strain 0.371297, largest displacement change 5.64436e-05 m
[info ] forming step 'release' (release, t = 1.95143 .. 2.95143 s, 0 tool(s), 6 prescribed DOF(s)): start imbalance 882.842 N
[info ] forming step 'release' completed: 10 increment(s), 40 iteration(s), 0 cut(s), reactions 9.07539e-13 N, largest plastic strain 0.371297, largest displacement change 0.000152546 m
case: spif
  mesh:    800 elements, 3969 DOFs
  step 1 'form' (form): completed, 141 increment(s), 1016 iteration(s), 2 cut(s), largest plastic strain 0.371297, largest displacement change 0.00308921 m
  step 2 'unload' (release): completed, 10 increment(s), 38 iteration(s), 0 cut(s), largest plastic strain 0.371297, largest displacement change 5.64436e-05 m
      warning: the supports of release step 'unload' carry reactions of 882.842 N, 0.553476 of the reference force: they are not statically determinate (over-constrained) and hold the part in a deformed shape - release onto 3-2-1 supports
  step 3 'release' (release): completed, 10 increment(s), 40 iteration(s), 0 cut(s), largest plastic strain 0.371297, largest displacement change 0.000152546 m
  runtime: 77.13 s (161 increments, 1094 Newton iterations; CHOLMOD supernodal LLT x 191, SimplicialLDLT x 17, UMFPACK LU x 1031)
  failed factorisations: CHOLMOD supernodal LLT (not positive definite) x 17
  output:  /home/user/wt/audit/benchmarks/physics_audit/convergence/cases/h2_L2_std_p3/output
