[info ] applied 0 boundary condition group(s): 0 of 3969 DOFs prescribed, 3969 free
[info ] forming 'spif': 800 Hex8 elements, 3969 DOFs, 1 tool(s), 3 step(s); linear algebra SuiteSparse (CHOLMOD, UMFPACK)
[info ] forming step 'form' (form, t = 0 .. 0.963829 s, 1 tool(s), 1944 prescribed DOF(s)): start imbalance 0 N
[info ] forming step 'form': t = 0.48792 s of 0.963829 (66 increment(s), 573 iteration(s), 0 cut(s), 60.0581 s elapsed)
[info ] forming increment to t = 0.670026 failed (solver error: solver error: an element is inverted (det F = -0.0666669); the load step is too large or the mesh too coarse for this deformation); halving to 0.00364253
[info ] forming step 'form': t = 0.84692 s of 0.963829 (143 increment(s), 1166 iteration(s), 1 cut(s), 120.325 s elapsed)
[info ] forming step 'form' completed: 166 increment(s), 1306 iteration(s), 1 cut(s), reactions 1213.72 N, largest plastic strain 0.262229, largest displacement change 0.00255929 m
[info ] forming step 'unload' (release, t = 0.963829 .. 1.96383 s, 0 tool(s), 1944 prescribed DOF(s)): start imbalance 456.289 N
[warn ] the supports of release step 'unload' carry reactions of 916.181 N, 0.608705 of the reference force: they are not statically determinate (over-constrained) and hold the part in a deformed shape - release onto 3-2-1 supports
[info ] forming step 'unload' completed: 10 increment(s), 33 iteration(s), 0 cut(s), reactions 916.181 N, largest plastic strain 0.262229, largest displacement change 8.01919e-05 m
[info ] forming step 'release' (release, t = 1.96383 .. 2.96383 s, 0 tool(s), 6 prescribed DOF(s)): start imbalance 916.181 N
[info ] forming step 'release' completed: 10 increment(s), 40 iteration(s), 0 cut(s), reactions 1.75037e-13 N, largest plastic strain 0.262229, largest displacement change 0.000159497 m
case: spif
  mesh:    800 elements, 3969 DOFs
  step 1 'form' (form): completed, 166 increment(s), 1306 iteration(s), 1 cut(s), largest plastic strain 0.262229, largest displacement change 0.00255929 m
  step 2 'unload' (release): completed, 10 increment(s), 33 iteration(s), 0 cut(s), largest plastic strain 0.262229, largest displacement change 8.01919e-05 m
      warning: the supports of release step 'unload' carry reactions of 916.181 N, 0.608705 of the reference force: they are not statically determinate (over-constrained) and hold the part in a deformed shape - release onto 3-2-1 supports
  step 3 'release' (release): completed, 10 increment(s), 40 iteration(s), 0 cut(s), largest plastic strain 0.262229, largest displacement change 0.000159497 m
  runtime: 142.7 s (186 increments, 1379 Newton iterations; UMFPACK LU x 1649)
  output:  /home/user/wt/audit/benchmarks/physics_audit/material/runs/pyramid-s2026-0001/kin_shutov/output
