[info ] applied 0 boundary condition group(s): 0 of 3969 DOFs prescribed, 3969 free
[info ] forming 'spif': 800 Hex8 elements, 3969 DOFs, 1 tool(s), 3 step(s); linear algebra SuiteSparse (CHOLMOD, UMFPACK)
[info ] forming step 'form' (form, t = 0 .. 0.951429 s, 1 tool(s), 1944 prescribed DOF(s)): start imbalance 0 N
[info ] forming increment to t = 0.196637 failed (solver error: solver error: an element is inverted (det F = -0.252859); the load step is too large or the mesh too coarse for this deformation); halving to 0.00467404
[info ] forming increment to t = 0.196637 failed (solver error: solver error: an element is inverted (det F = -732.048); the load step is too large or the mesh too coarse for this deformation); halving to 0.00233702
[info ] forming increment to t = 0.196637 failed (solver error: solver error: an element is inverted (det F = -0.309174); the load step is too large or the mesh too coarse for this deformation); halving to 0.00116851
[info ] forming increment to t = 0.46368 failed (solver error: solver error: an element is inverted (det F = -0.06074); the load step is too large or the mesh too coarse for this deformation); halving to 0.00399712
[info ] forming step 'form': t = 0.529717 s of 0.951429 (102 increment(s), 733 iteration(s), 4 cut(s), 60.7421 s elapsed)
[info ] forming increment to t = 0.62914 failed (solver error: solver error: an element is inverted (det F = -2.06345); the load step is too large or the mesh too coarse for this deformation); halving to 0.00407971
[info ] forming increment to t = 0.62506 failed (solver error: solver error: an element is inverted (det F = -0.214031); the load step is too large or the mesh too coarse for this deformation); halving to 0.00203986
[info ] forming increment to t = 0.62506 failed (solver error: solver error: an element is inverted (det F = -0.934049); the load step is too large or the mesh too coarse for this deformation); halving to 0.00101993
[info ] forming increment to t = 0.728958 failed (solver error: solver error: an element is inverted (det F = -0.275431); the load step is too large or the mesh too coarse for this deformation); halving to 0.00428722
[info ] forming increment to t = 0.790878 failed (solver error: solver error: an element is inverted (det F = -0.641584); the load step is too large or the mesh too coarse for this deformation); halving to 0.0037611
[info ] forming increment to t = 0.849378 failed (solver error: solver error: an element is inverted (det F = -0.515278); the load step is too large or the mesh too coarse for this deformation); halving to 0.00270638
[info ] forming increment to t = 0.850732 failed (solver error: solver error: an element is inverted (det F = -4.43307); the load step is too large or the mesh too coarse for this deformation); halving to 0.00202978
[info ] forming increment to t = 0.850732 failed (solver error: solver error: an element is inverted (det F = -1.24045); the load step is too large or the mesh too coarse for this deformation); halving to 0.00101489
[info ] forming step 'form': t = 0.85143 s of 0.951429 (192 increment(s), 1387 iteration(s), 12 cut(s), 121.341 s elapsed)
[info ] forming increment to t = 0.892288 failed (solver error: solver error: an element is inverted (det F = -0.470474); the load step is too large or the mesh too coarse for this deformation); halving to 0.00438295
[info ] forming step 'form' completed: 223 increment(s), 1580 iteration(s), 13 cut(s), reactions 1604.48 N, largest plastic strain 0.363343, largest displacement change 0.00317432 m
[info ] forming step 'unload' (release, t = 0.951429 .. 1.95143 s, 0 tool(s), 1944 prescribed DOF(s)): start imbalance 772.625 N
[warn ] the supports of release step 'unload' carry reactions of 930.994 N, 0.559434 of the reference force: they are not statically determinate (over-constrained) and hold the part in a deformed shape - release onto 3-2-1 supports
[info ] forming step 'unload' completed: 10 increment(s), 34 iteration(s), 0 cut(s), reactions 930.994 N, largest plastic strain 0.363343, largest displacement change 0.000129457 m
[info ] forming step 'release' (release, t = 1.95143 .. 2.95143 s, 0 tool(s), 6 prescribed DOF(s)): start imbalance 930.994 N
[info ] forming step 'release' completed: 10 increment(s), 40 iteration(s), 0 cut(s), reactions 6.31249e-13 N, largest plastic strain 0.363343, largest displacement change 0.000137534 m
case: spif
  mesh:    800 elements, 3969 DOFs
  step 1 'form' (form): completed, 223 increment(s), 1580 iteration(s), 13 cut(s), largest plastic strain 0.363343, largest displacement change 0.00317432 m
  step 2 'unload' (release): completed, 10 increment(s), 34 iteration(s), 0 cut(s), largest plastic strain 0.363343, largest displacement change 0.000129457 m
      warning: the supports of release step 'unload' carry reactions of 930.994 N, 0.559434 of the reference force: they are not statically determinate (over-constrained) and hold the part in a deformed shape - release onto 3-2-1 supports
  step 3 'release' (release): completed, 10 increment(s), 40 iteration(s), 0 cut(s), largest plastic strain 0.363343, largest displacement change 0.000137534 m
  runtime: 141.5 s (243 increments, 1654 Newton iterations; CHOLMOD supernodal LLT x 498, SimplicialLDLT x 72, UMFPACK LU x 1484)
  failed factorisations: CHOLMOD supernodal LLT (not positive definite) x 72
  output:  /home/user/wt/audit/benchmarks/physics_audit/process/runs/truncated_cone-s2026-0000/rob_iso1_it2/output
