[info ] applied 0 boundary condition group(s): 0 of 3969 DOFs prescribed, 3969 free
[info ] forming 'spif': 800 Hex8 elements, 3969 DOFs, 1 tool(s), 3 step(s); linear algebra SuiteSparse (CHOLMOD, UMFPACK)
[info ] forming step 'form' (form, t = 0 .. 0.951429 s, 1 tool(s), 1944 prescribed DOF(s)): start imbalance 0 N
[info ] forming step 'form': t = 0.233994 s of 0.951429 (25 increment(s), 198 iteration(s), 0 cut(s), 60.716 s elapsed)
[info ] forming increment to t = 0.262725 failed (solver error: solver error: Hex8 element 112: the incompatible modes did not converge in 25 local iterations (residual 270.895 N of 69641.1 N); the step is cut); halving to 0.00477179
[info ] forming step 'form': t = 0.346776 s of 0.951429 (51 increment(s), 392 iteration(s), 1 cut(s), 120.958 s elapsed)
[info ] forming step 'form': t = 0.50875 s of 0.951429 (81 increment(s), 620 iteration(s), 1 cut(s), 182.199 s elapsed)
[info ] forming increment to t = 0.552923 failed (solver error: solver error: an element is inverted (det F = -1.15587); the load step is too large or the mesh too coarse for this deformation); halving to 0.00461247
[info ] forming step 'form': t = 0.613246 s of 0.951429 (102 increment(s), 789 iteration(s), 2 cut(s), 242.385 s elapsed)
[info ] forming step 'form': t = 0.756327 s of 0.951429 (130 increment(s), 1016 iteration(s), 2 cut(s), 306.094 s elapsed)
[info ] forming step 'form' completed: 153 increment(s), 1174 iteration(s), 2 cut(s), reactions 1263.06 N, largest plastic strain 0.324518, largest displacement change 0.00308953 m
[info ] forming step 'unload' (release, t = 0.951429 .. 1.95143 s, 0 tool(s), 1944 prescribed DOF(s)): start imbalance 393.525 N
[warn ] the supports of release step 'unload' carry reactions of 645.6 N, 0.383786 of the reference force: they are not statically determinate (over-constrained) and hold the part in a deformed shape - release onto 3-2-1 supports
[info ] forming step 'unload' completed: 10 increment(s), 41 iteration(s), 0 cut(s), reactions 645.6 N, largest plastic strain 0.324518, largest displacement change 8.34294e-05 m
[info ] forming step 'release' (release, t = 1.95143 .. 2.95143 s, 0 tool(s), 6 prescribed DOF(s)): start imbalance 645.6 N
[info ] forming step 'release' completed: 10 increment(s), 41 iteration(s), 0 cut(s), reactions 5.38775e-13 N, largest plastic strain 0.324518, largest displacement change 0.000147199 m
case: spif
  mesh:    800 elements, 3969 DOFs
  step 1 'form' (form): completed, 153 increment(s), 1174 iteration(s), 2 cut(s), largest plastic strain 0.324518, largest displacement change 0.00308953 m
  step 2 'unload' (release): completed, 10 increment(s), 41 iteration(s), 0 cut(s), largest plastic strain 0.324518, largest displacement change 8.34294e-05 m
      warning: the supports of release step 'unload' carry reactions of 645.6 N, 0.383786 of the reference force: they are not statically determinate (over-constrained) and hold the part in a deformed shape - release onto 3-2-1 supports
  step 3 'release' (release): completed, 10 increment(s), 41 iteration(s), 0 cut(s), largest plastic strain 0.324518, largest displacement change 0.000147199 m
  runtime: 352.6 s (173 increments, 1256 Newton iterations; UMFPACK LU x 1488)
  output:  /home/user/wt/audit/benchmarks/physics_audit/material/runs/truncated_cone-s2026-0000/kin_shutov_im5/output
