[info ] applied 0 boundary condition group(s): 0 of 3969 DOFs prescribed, 3969 free
[info ] forming 'spif': 800 Hex8 elements, 3969 DOFs, 1 tool(s), 3 step(s); linear algebra SuiteSparse (CHOLMOD, UMFPACK)
[info ] forming step 'form' (form, t = 0 .. 0.951429 s, 1 tool(s), 1944 prescribed DOF(s)): start imbalance 0 N
[info ] forming increment to t = 0.112511 failed (solver error: solver error: an element is inverted (det F = -3.0116); the load step is too large or the mesh too coarse for this deformation); halving to 0.00466833
[info ] forming increment to t = 0.224654 failed (solver error: solver error: an element is inverted (det F = -0.124761); the load step is too large or the mesh too coarse for this deformation); halving to 0.00466931
[info ] forming increment to t = 0.253182 failed (solver error: solver error: an element is inverted (det F = -5.61484); the load step is too large or the mesh too coarse for this deformation); halving to 0.00142267
[info ] forming increment to t = 0.251759 failed (solver error: solver error: an element is inverted (det F = -0.166964); the load step is too large or the mesh too coarse for this deformation); halving to 0.000711333
[info ] forming step 'form': t = 0.295342 s of 0.951429 (66 increment(s), 469 iteration(s), 4 cut(s), 60.4761 s elapsed)
[info ] forming increment to t = 0.298943 failed (solver error: solver error: an element is inverted (det F = -0.0176642); the load step is too large or the mesh too coarse for this deformation); halving to 0.00180056
[info ] forming increment to t = 0.373246 failed (solver error: solver error: an element is inverted (det F = -0.8675); the load step is too large or the mesh too coarse for this deformation); halving to 0.00135396
[info ] forming increment to t = 0.436384 failed (solver error: solver error: an element is inverted (det F = -2.58702); the load step is too large or the mesh too coarse for this deformation); halving to 0.00228482
[info ] forming step 'form': t = 0.46368 s of 0.951429 (129 increment(s), 923 iteration(s), 7 cut(s), 120.575 s elapsed)
[info ] forming increment to t = 0.63428 failed (solver error: solver error: an element is inverted (det F = -7.97807); the load step is too large or the mesh too coarse for this deformation); halving to 0.00257042
[info ] forming step 'form': t = 0.729303 s of 0.951429 (203 increment(s), 1455 iteration(s), 8 cut(s), 180.897 s elapsed)
[info ] forming step 'form' completed: 240 increment(s), 1684 iteration(s), 8 cut(s), reactions 1328.82 N, largest plastic strain 0.381557, largest displacement change 0.00308985 m
[info ] forming step 'unload' (release, t = 0.951429 .. 1.95143 s, 0 tool(s), 1944 prescribed DOF(s)): start imbalance 511.541 N
[warn ] the supports of release step 'unload' carry reactions of 978.033 N, 0.556534 of the reference force: they are not statically determinate (over-constrained) and hold the part in a deformed shape - release onto 3-2-1 supports
[info ] forming step 'unload' completed: 10 increment(s), 40 iteration(s), 0 cut(s), reactions 978.033 N, largest plastic strain 0.381557, largest displacement change 7.10821e-05 m
[info ] forming step 'release' (release, t = 1.95143 .. 2.95143 s, 0 tool(s), 6 prescribed DOF(s)): start imbalance 978.033 N
[info ] forming step 'release' completed: 10 increment(s), 40 iteration(s), 0 cut(s), reactions 9.19547e-13 N, largest plastic strain 0.381557, largest displacement change 0.000177651 m
case: spif
  mesh:    800 elements, 3969 DOFs
  step 1 'form' (form): completed, 240 increment(s), 1684 iteration(s), 8 cut(s), largest plastic strain 0.381557, largest displacement change 0.00308985 m
  step 2 'unload' (release): completed, 10 increment(s), 40 iteration(s), 0 cut(s), largest plastic strain 0.381557, largest displacement change 7.10821e-05 m
      warning: the supports of release step 'unload' carry reactions of 978.033 N, 0.556534 of the reference force: they are not statically determinate (over-constrained) and hold the part in a deformed shape - release onto 3-2-1 supports
  step 3 'release' (release): completed, 10 increment(s), 40 iteration(s), 0 cut(s), largest plastic strain 0.381557, largest displacement change 0.000177651 m
  runtime: 212.1 s (260 increments, 1764 Newton iterations; CHOLMOD supernodal LLT x 401, SimplicialLDLT x 27, UMFPACK LU x 1678)
  failed factorisations: CHOLMOD supernodal LLT (not positive definite) x 27
  output:  /home/user/wt/audit/benchmarks/physics_audit/material/runs/truncated_cone-s2026-0000/ys115/output
