[info ] applied 0 boundary condition group(s): 0 of 3969 DOFs prescribed, 3969 free
[info ] forming 'spif': 800 Hex8 elements, 3969 DOFs, 1 tool(s), 3 step(s); linear algebra SuiteSparse (CHOLMOD, UMFPACK)
[info ] forming step 'form' (form, t = 0 .. 0.963829 s, 1 tool(s), 1944 prescribed DOF(s)): start imbalance 0 N
[info ] forming increment to t = 0.292531 failed (solver error: solver error: an element is inverted (det F = -0.327569); the load step is too large or the mesh too coarse for this deformation); halving to 0.00393869
[info ] forming step 'form': t = 0.401065 s of 0.963829 (69 increment(s), 569 iteration(s), 1 cut(s), 60.0817 s elapsed)
[info ] forming increment to t = 0.433449 failed (solver error: solver error: an element is inverted (det F = -0.0257276); the load step is too large or the mesh too coarse for this deformation); halving to 0.00079001
[info ] forming increment to t = 0.559254 failed (solver error: solver error: an element is inverted (det F = -2.67779); the load step is too large or the mesh too coarse for this deformation); halving to 0.00170191
[info ] forming step 'form': t = 0.711845 s of 0.963829 (173 increment(s), 1318 iteration(s), 3 cut(s), 120.573 s elapsed)
[info ] forming step 'form' completed: 212 increment(s), 1631 iteration(s), 3 cut(s), reactions 1203.64 N, largest plastic strain 0.257077, largest displacement change 0.00254301 m
[info ] forming step 'unload' (release, t = 0.963829 .. 1.96383 s, 0 tool(s), 1944 prescribed DOF(s)): start imbalance 436.976 N
[warn ] the supports of release step 'unload' carry reactions of 931.013 N, 0.594167 of the reference force: they are not statically determinate (over-constrained) and hold the part in a deformed shape - release onto 3-2-1 supports
[info ] forming step 'unload' completed: 10 increment(s), 36 iteration(s), 0 cut(s), reactions 931.013 N, largest plastic strain 0.257077, largest displacement change 7.43818e-05 m
[info ] forming step 'release' (release, t = 1.96383 .. 2.96383 s, 0 tool(s), 6 prescribed DOF(s)): start imbalance 931.013 N
[info ] forming step 'release' completed: 10 increment(s), 40 iteration(s), 0 cut(s), reactions 9.07977e-13 N, largest plastic strain 0.257077, largest displacement change 0.000161237 m
case: spif
  mesh:    800 elements, 3969 DOFs
  step 1 'form' (form): completed, 212 increment(s), 1631 iteration(s), 3 cut(s), largest plastic strain 0.257077, largest displacement change 0.00254301 m
  step 2 'unload' (release): completed, 10 increment(s), 36 iteration(s), 0 cut(s), largest plastic strain 0.257077, largest displacement change 7.43818e-05 m
      warning: the supports of release step 'unload' carry reactions of 931.013 N, 0.594167 of the reference force: they are not statically determinate (over-constrained) and hold the part in a deformed shape - release onto 3-2-1 supports
  step 3 'release' (release): completed, 10 increment(s), 40 iteration(s), 0 cut(s), largest plastic strain 0.257077, largest displacement change 0.000161237 m
  runtime: 151.6 s (232 increments, 1707 Newton iterations; CHOLMOD supernodal LLT x 523, SimplicialLDLT x 10, UMFPACK LU x 1486)
  failed factorisations: CHOLMOD supernodal LLT (not positive definite) x 10
  output:  /home/user/wt/audit/benchmarks/physics_audit/material/runs/pyramid-s2026-0001/hard_pow_iadicola/output
