[info ] applied 0 boundary condition group(s): 0 of 3969 DOFs prescribed, 3969 free
[info ] forming 'spif': 800 Hex8 elements, 3969 DOFs, 1 tool(s), 3 step(s); linear algebra SuiteSparse (CHOLMOD, UMFPACK)
[info ] forming step 'form' (form, t = 0 .. 0.945104 s, 1 tool(s), 1944 prescribed DOF(s)): start imbalance 0 N
[info ] forming increment to t = 0.0913117 failed (solver error: solver error: an element is inverted (det F = -0.369968); the load step is too large or the mesh too coarse for this deformation); halving to 0.00503475
[info ] forming increment to t = 0.6258 failed (solver error: solver error: an element is inverted (det F = -0.0562459); the load step is too large or the mesh too coarse for this deformation); halving to 0.00468435
[info ] forming step 'form': t = 0.664717 s of 0.945104 (84 increment(s), 670 iteration(s), 2 cut(s), 60.3223 s elapsed)
[info ] forming step 'form' completed: 146 increment(s), 1067 iteration(s), 2 cut(s), reactions 1337.4 N, largest plastic strain 0.37657, largest displacement change 0.00326159 m
[info ] forming step 'unload' (release, t = 0.945104 .. 1.9451 s, 0 tool(s), 1944 prescribed DOF(s)): start imbalance 600.707 N
[warn ] the supports of release step 'unload' carry reactions of 775.835 N, 0.474593 of the reference force: they are not statically determinate (over-constrained) and hold the part in a deformed shape - release onto 3-2-1 supports
[info ] forming step 'unload' completed: 10 increment(s), 34 iteration(s), 0 cut(s), reactions 775.835 N, largest plastic strain 0.376576, largest displacement change 9.4507e-05 m
[info ] forming step 'release' (release, t = 1.9451 .. 2.9451 s, 0 tool(s), 6 prescribed DOF(s)): start imbalance 775.835 N
[info ] forming step 'release' completed: 10 increment(s), 41 iteration(s), 0 cut(s), reactions 5.49494e-13 N, largest plastic strain 0.376576, largest displacement change 0.000123799 m
case: spif
  mesh:    800 elements, 3969 DOFs
  step 1 'form' (form): completed, 146 increment(s), 1067 iteration(s), 2 cut(s), largest plastic strain 0.37657, largest displacement change 0.00326159 m
  step 2 'unload' (release): completed, 10 increment(s), 34 iteration(s), 0 cut(s), largest plastic strain 0.376576, largest displacement change 9.4507e-05 m
      warning: the supports of release step 'unload' carry reactions of 775.835 N, 0.474593 of the reference force: they are not statically determinate (over-constrained) and hold the part in a deformed shape - release onto 3-2-1 supports
  step 3 'release' (release): completed, 10 increment(s), 41 iteration(s), 0 cut(s), largest plastic strain 0.376576, largest displacement change 0.000123799 m
  runtime: 95.17 s (166 increments, 1142 Newton iterations; UMFPACK LU x 1340)
  output:  /home/user/wt/audit/benchmarks/physics_audit/material/runs/elliptic_cone-s2026-0001/kin_shutov/output
