[info ] applied 0 boundary condition group(s): 0 of 3969 DOFs prescribed, 3969 free
[info ] forming 'spif': 800 Hex8 elements, 3969 DOFs, 1 tool(s), 3 step(s); linear algebra SuiteSparse (CHOLMOD, UMFPACK)
[info ] forming step 'form' (form, t = 0 .. 0.951429 s, 1 tool(s), 1944 prescribed DOF(s)): start imbalance 0 N
[info ] forming increment to t = 0.140547 failed (solver error: solver error: Hex8 element 188: the incompatible modes did not converge in 25 local iterations (residual 227.179 N of 179204 N); the step is cut); halving to 0.00467304
[info ] forming increment to t = 0.135874 failed (solver error: solver error: an element is inverted (det F = -0.464741); the load step is too large or the mesh too coarse for this deformation); halving to 0.00233652
[info ] forming increment to t = 0.195175 failed (solver error: solver error: Hex8 element 527: the incompatible modes did not converge in 25 local iterations (residual 56.4617 N of 126785 N); the step is cut); halving to 0.00394288
[info ] forming increment to t = 0.253182 failed (solver error: solver error: Hex8 element 171: the incompatible modes did not converge in 25 local iterations (residual 4.16848 N of 532364 N); the step is cut); halving to 0.00196749
[info ] forming step 'form': t = 0.251214 s of 0.951429 (45 increment(s), 322 iteration(s), 4 cut(s), 60.3502 s elapsed)
[info ] forming increment to t = 0.282242 failed (solver error: solver error: Hex8 element 65: the incompatible modes did not converge in 25 local iterations (residual 469.789 N of 3.01091e+06 N); the step is cut); halving to 0.000369706
[info ] forming increment to t = 0.281872 failed (solver error: solver error: Hex8 element 111: the incompatible modes did not converge in 25 local iterations (residual 44.0915 N of 712957 N); the step is cut); halving to 0.000184853
[info ] forming step 'form': t = 0.304266 s of 0.951429 (104 increment(s), 723 iteration(s), 6 cut(s), 121.116 s elapsed)
[info ] forming step 'form': t = 0.373246 s of 0.951429 (155 increment(s), 1057 iteration(s), 6 cut(s), 181.794 s elapsed)
[info ] forming increment to t = 0.440026 failed (solver error: solver error: Hex8 element 167: the incompatible modes did not converge in 25 local iterations (residual 9.68287 N of 10805.8 N); the step is cut); halving to 0.00173689
[info ] forming step 'form': t = 0.49394 s of 0.951429 (191 increment(s), 1330 iteration(s), 7 cut(s), 243.59 s elapsed)
[info ] forming increment to t = 0.588225 failed (solver error: solver error: Hex8 element 209: the incompatible modes did not converge in 25 local iterations (residual 29.8473 N of 6790.77 N); the step is cut); halving to 0.00419408
[info ] forming step 'form': t = 0.635431 s of 0.951429 (224 increment(s), 1597 iteration(s), 8 cut(s), 307.194 s elapsed)
[info ] forming step 'form': t = 0.85143 s of 0.951429 (258 increment(s), 1865 iteration(s), 8 cut(s), 367.964 s elapsed)
[info ] forming step 'form' completed: 270 increment(s), 1938 iteration(s), 8 cut(s), reactions 1058.89 N, largest plastic strain 0.292216, largest displacement change 0.0030896 m
[info ] forming step 'unload' (release, t = 0.951429 .. 1.95143 s, 0 tool(s), 1944 prescribed DOF(s)): start imbalance 445.061 N
[warn ] the supports of release step 'unload' carry reactions of 584.422 N, 0.385052 of the reference force: they are not statically determinate (over-constrained) and hold the part in a deformed shape - release onto 3-2-1 supports
[info ] forming step 'unload' completed: 10 increment(s), 39 iteration(s), 0 cut(s), reactions 584.422 N, largest plastic strain 0.292216, largest displacement change 8.09815e-05 m
[info ] forming step 'release' (release, t = 1.95143 .. 2.95143 s, 0 tool(s), 6 prescribed DOF(s)): start imbalance 584.422 N
[info ] forming step 'release' completed: 10 increment(s), 40 iteration(s), 0 cut(s), reactions 7.55882e-13 N, largest plastic strain 0.292216, largest displacement change 0.000186011 m
case: spif
  mesh:    800 elements, 3969 DOFs
  step 1 'form' (form): completed, 270 increment(s), 1938 iteration(s), 8 cut(s), largest plastic strain 0.292216, largest displacement change 0.0030896 m
  step 2 'unload' (release): completed, 10 increment(s), 39 iteration(s), 0 cut(s), largest plastic strain 0.292216, largest displacement change 8.09815e-05 m
      warning: the supports of release step 'unload' carry reactions of 584.422 N, 0.385052 of the reference force: they are not statically determinate (over-constrained) and hold the part in a deformed shape - release onto 3-2-1 supports
  step 3 'release' (release): completed, 10 increment(s), 40 iteration(s), 0 cut(s), largest plastic strain 0.292216, largest displacement change 0.000186011 m
  runtime: 391.6 s (290 increments, 2017 Newton iterations; CHOLMOD supernodal LLT x 666, SimplicialLDLT x 29, UMFPACK LU x 1745)
  failed factorisations: CHOLMOD supernodal LLT (not positive definite) x 29
  output:  /home/user/wt/audit/benchmarks/physics_audit/convergence/cases/h2_L2_im/output
